Archive member included to satisfy reference by file (symbol)

c:/program files (x86)/gnu arm embedded toolchain/10 2021.07/bin/../lib/gcc/arm-none-eabi/10.3.1/../../../../arm-none-eabi/lib/thumb/v7-m/nofp\libg.a(lib_a-memcpy.o)
                              ..\obj\startup_stm32f10x_md.o (memcpy)
c:/program files (x86)/gnu arm embedded toolchain/10 2021.07/bin/../lib/gcc/arm-none-eabi/10.3.1/../../../../arm-none-eabi/lib/thumb/v7-m/nofp\libg.a(lib_a-memset.o)
                              ..\obj\main.o (memset)
c:/program files (x86)/gnu arm embedded toolchain/10 2021.07/bin/../lib/gcc/arm-none-eabi/10.3.1/../../../../arm-none-eabi/lib/thumb/v7-m/nofp\libg.a(lib_a-stpcpy.o)
                              ..\obj\debug.o (stpcpy)
c:/program files (x86)/gnu arm embedded toolchain/10 2021.07/bin/../lib/gcc/arm-none-eabi/10.3.1/../../../../arm-none-eabi/lib/thumb/v7-m/nofp\libg.a(lib_a-strcmp.o)
                              ..\obj\debug.o (strcmp)
c:/program files (x86)/gnu arm embedded toolchain/10 2021.07/bin/../lib/gcc/arm-none-eabi/10.3.1/../../../../arm-none-eabi/lib/thumb/v7-m/nofp\libg.a(lib_a-strcpy.o)
                              ..\obj\debug.o (strcpy)
c:/program files (x86)/gnu arm embedded toolchain/10 2021.07/bin/../lib/gcc/arm-none-eabi/10.3.1/../../../../arm-none-eabi/lib/thumb/v7-m/nofp\libg.a(lib_a-strlen-stub.o)
                              ..\obj\debug.o (strlen)

Discarded input sections

 .text          0x00000000        0x0 ..\obj\stm32f10x_rtc.o
 .data          0x00000000        0x0 ..\obj\stm32f10x_rtc.o
 .bss           0x00000000        0x0 ..\obj\stm32f10x_rtc.o
 .text.RTC_ITConfig
                0x00000000       0x1c ..\obj\stm32f10x_rtc.o
 .text.RTC_EnterConfigMode
                0x00000000       0x14 ..\obj\stm32f10x_rtc.o
 .text.RTC_ExitConfigMode
                0x00000000       0x14 ..\obj\stm32f10x_rtc.o
 .text.RTC_GetCounter
                0x00000000       0x14 ..\obj\stm32f10x_rtc.o
 .text.RTC_SetCounter
                0x00000000       0x28 ..\obj\stm32f10x_rtc.o
 .text.RTC_SetPrescaler
                0x00000000       0x28 ..\obj\stm32f10x_rtc.o
 .text.RTC_SetAlarm
                0x00000000       0x28 ..\obj\stm32f10x_rtc.o
 .text.RTC_GetDivider
                0x00000000       0x18 ..\obj\stm32f10x_rtc.o
 .text.RTC_WaitForLastTask
                0x00000000       0x10 ..\obj\stm32f10x_rtc.o
 .text.RTC_WaitForSynchro
                0x00000000       0x1c ..\obj\stm32f10x_rtc.o
 .text.RTC_GetFlagStatus
                0x00000000       0x14 ..\obj\stm32f10x_rtc.o
 .text.RTC_ClearFlag
                0x00000000       0x14 ..\obj\stm32f10x_rtc.o
 .text.RTC_GetITStatus
                0x00000000       0x20 ..\obj\stm32f10x_rtc.o
 .text.RTC_ClearITPendingBit
                0x00000000       0x14 ..\obj\stm32f10x_rtc.o
 .debug_info    0x00000000      0x509 ..\obj\stm32f10x_rtc.o
 .debug_abbrev  0x00000000      0x215 ..\obj\stm32f10x_rtc.o
 .debug_loc     0x00000000      0x1e2 ..\obj\stm32f10x_rtc.o
 .debug_aranges
                0x00000000       0x80 ..\obj\stm32f10x_rtc.o
 .debug_ranges  0x00000000       0x70 ..\obj\stm32f10x_rtc.o
 .debug_line    0x00000000      0x455 ..\obj\stm32f10x_rtc.o
 .debug_str     0x00000000      0x3e0 ..\obj\stm32f10x_rtc.o
 .comment       0x00000000       0x4a ..\obj\stm32f10x_rtc.o
 .debug_frame   0x00000000       0xf0 ..\obj\stm32f10x_rtc.o
 .ARM.attributes
                0x00000000       0x2d ..\obj\stm32f10x_rtc.o
 .text          0x00000000        0x0 ..\obj\w26.o
 .data          0x00000000        0x0 ..\obj\w26.o
 .bss           0x00000000       0x78 ..\obj\w26.o
 .text.W26DebugHandler
                0x00000000        0x4 ..\obj\w26.o
 .text.ExtiHandlerD0
                0x00000000       0x44 ..\obj\w26.o
 .text.ExtiHandlerD1
                0x00000000       0x4c ..\obj\w26.o
 .text.CardTimerHandler
                0x00000000       0x14 ..\obj\w26.o
 .text.GetCardId
                0x00000000       0x30 ..\obj\w26.o
 .text.translateEnterEscapeKeyPress
                0x00000000       0x10 ..\obj\w26.o
 .text.getCode  0x00000000        0x4 ..\obj\w26.o
 .text.getWiegandType
                0x00000000        0x8 ..\obj\w26.o
 .text.wig_available
                0x00000000       0xe4 ..\obj\w26.o
 .rodata.str1.4
                0x00000000       0x3e ..\obj\w26.o
 .text.CardReaderTask
                0x00000000       0xc4 ..\obj\w26.o
 .text.W26Init  0x00000000       0x4c ..\obj\w26.o
 .text.W26Create
                0x00000000       0xc4 ..\obj\w26.o
 .debug_info    0x00000000      0xc73 ..\obj\w26.o
 .debug_abbrev  0x00000000      0x323 ..\obj\w26.o
 .debug_loc     0x00000000      0x6ad ..\obj\w26.o
 .debug_aranges
                0x00000000       0x78 ..\obj\w26.o
 .debug_ranges  0x00000000      0x120 ..\obj\w26.o
 .debug_line    0x00000000      0x950 ..\obj\w26.o
 .debug_str     0x00000000      0x801 ..\obj\w26.o
 .comment       0x00000000       0x4a ..\obj\w26.o
 .debug_frame   0x00000000      0x15c ..\obj\w26.o
 .ARM.attributes
                0x00000000       0x2d ..\obj\w26.o
 .text          0x00000000        0x0 ..\obj\stm32f10x_tim.o
 .data          0x00000000        0x0 ..\obj\stm32f10x_tim.o
 .bss           0x00000000        0x0 ..\obj\stm32f10x_tim.o
 .text.TIM_DeInit
                0x00000000      0x234 ..\obj\stm32f10x_tim.o
 .text.TIM_TimeBaseInit
                0x00000000       0xac ..\obj\stm32f10x_tim.o
 .text.TIM_OC1Init
                0x00000000       0x9c ..\obj\stm32f10x_tim.o
 .text.TIM_OC2Init
                0x00000000       0x90 ..\obj\stm32f10x_tim.o
 .text.TIM_OC3Init
                0x00000000       0x90 ..\obj\stm32f10x_tim.o
 .text.TIM_OC4Init
                0x00000000       0x78 ..\obj\stm32f10x_tim.o
 .text.TIM_ICInit
                0x00000000      0x268 ..\obj\stm32f10x_tim.o
 .text.TIM_PWMIConfig
                0x00000000      0x254 ..\obj\stm32f10x_tim.o
 .text.TIM_BDTRConfig
                0x00000000       0x30 ..\obj\stm32f10x_tim.o
 .text.TIM_TimeBaseStructInit
                0x00000000       0x10 ..\obj\stm32f10x_tim.o
 .text.TIM_OCStructInit
                0x00000000        0xc ..\obj\stm32f10x_tim.o
 .text.TIM_ICStructInit
                0x00000000        0xc ..\obj\stm32f10x_tim.o
 .text.TIM_BDTRStructInit
                0x00000000        0xc ..\obj\stm32f10x_tim.o
 .text.TIM_Cmd  0x00000000       0x1c ..\obj\stm32f10x_tim.o
 .text.TIM_CtrlPWMOutputs
                0x00000000       0x20 ..\obj\stm32f10x_tim.o
 .text.TIM_ITConfig
                0x00000000       0x14 ..\obj\stm32f10x_tim.o
 .text.TIM_GenerateEvent
                0x00000000        0x4 ..\obj\stm32f10x_tim.o
 .text.TIM_DMAConfig
                0x00000000        0x8 ..\obj\stm32f10x_tim.o
 .text.TIM_DMACmd
                0x00000000       0x14 ..\obj\stm32f10x_tim.o
 .text.TIM_InternalClockConfig
                0x00000000       0x10 ..\obj\stm32f10x_tim.o
 .text.TIM_ITRxExternalClockConfig
                0x00000000       0x1c ..\obj\stm32f10x_tim.o
 .text.TIM_TIxExternalClockConfig
                0x00000000      0x120 ..\obj\stm32f10x_tim.o
 .text.TIM_ETRClockMode1Config
                0x00000000       0x24 ..\obj\stm32f10x_tim.o
 .text.TIM_ETRClockMode2Config
                0x00000000       0x1c ..\obj\stm32f10x_tim.o
 .text.TIM_ETRConfig
                0x00000000       0x14 ..\obj\stm32f10x_tim.o
 .text.TIM_PrescalerConfig
                0x00000000        0x8 ..\obj\stm32f10x_tim.o
 .text.TIM_CounterModeConfig
                0x00000000       0x10 ..\obj\stm32f10x_tim.o
 .text.TIM_SelectInputTrigger
                0x00000000       0x10 ..\obj\stm32f10x_tim.o
 .text.TIM_EncoderInterfaceConfig
                0x00000000       0x50 ..\obj\stm32f10x_tim.o
 .text.TIM_ForcedOC1Config
                0x00000000       0x10 ..\obj\stm32f10x_tim.o
 .text.TIM_ForcedOC2Config
                0x00000000       0x14 ..\obj\stm32f10x_tim.o
 .text.TIM_ForcedOC3Config
                0x00000000       0x10 ..\obj\stm32f10x_tim.o
 .text.TIM_ForcedOC4Config
                0x00000000       0x14 ..\obj\stm32f10x_tim.o
 .text.TIM_ARRPreloadConfig
                0x00000000       0x1c ..\obj\stm32f10x_tim.o
 .text.TIM_SelectCOM
                0x00000000       0x1c ..\obj\stm32f10x_tim.o
 .text.TIM_SelectCCDMA
                0x00000000       0x1c ..\obj\stm32f10x_tim.o
 .text.TIM_CCPreloadControl
                0x00000000       0x1c ..\obj\stm32f10x_tim.o
 .text.TIM_OC1PreloadConfig
                0x00000000       0x10 ..\obj\stm32f10x_tim.o
 .text.TIM_OC2PreloadConfig
                0x00000000       0x14 ..\obj\stm32f10x_tim.o
 .text.TIM_OC3PreloadConfig
                0x00000000       0x10 ..\obj\stm32f10x_tim.o
 .text.TIM_OC4PreloadConfig
                0x00000000       0x14 ..\obj\stm32f10x_tim.o
 .text.TIM_OC1FastConfig
                0x00000000       0x10 ..\obj\stm32f10x_tim.o
 .text.TIM_OC2FastConfig
                0x00000000       0x14 ..\obj\stm32f10x_tim.o
 .text.TIM_OC3FastConfig
                0x00000000       0x10 ..\obj\stm32f10x_tim.o
 .text.TIM_OC4FastConfig
                0x00000000       0x14 ..\obj\stm32f10x_tim.o
 .text.TIM_ClearOC1Ref
                0x00000000       0x10 ..\obj\stm32f10x_tim.o
 .text.TIM_ClearOC2Ref
                0x00000000       0x10 ..\obj\stm32f10x_tim.o
 .text.TIM_ClearOC3Ref
                0x00000000       0x10 ..\obj\stm32f10x_tim.o
 .text.TIM_ClearOC4Ref
                0x00000000       0x10 ..\obj\stm32f10x_tim.o
 .text.TIM_OC1PolarityConfig
                0x00000000       0x10 ..\obj\stm32f10x_tim.o
 .text.TIM_OC1NPolarityConfig
                0x00000000       0x10 ..\obj\stm32f10x_tim.o
 .text.TIM_OC2PolarityConfig
                0x00000000       0x14 ..\obj\stm32f10x_tim.o
 .text.TIM_OC2NPolarityConfig
                0x00000000       0x14 ..\obj\stm32f10x_tim.o
 .text.TIM_OC3PolarityConfig
                0x00000000       0x14 ..\obj\stm32f10x_tim.o
 .text.TIM_OC3NPolarityConfig
                0x00000000       0x14 ..\obj\stm32f10x_tim.o
 .text.TIM_OC4PolarityConfig
                0x00000000       0x14 ..\obj\stm32f10x_tim.o
 .text.TIM_CCxCmd
                0x00000000       0x20 ..\obj\stm32f10x_tim.o
 .text.TIM_CCxNCmd
                0x00000000       0x20 ..\obj\stm32f10x_tim.o
 .text.TIM_SelectOCxM
                0x00000000       0x60 ..\obj\stm32f10x_tim.o
 .text.TIM_UpdateDisableConfig
                0x00000000       0x1c ..\obj\stm32f10x_tim.o
 .text.TIM_UpdateRequestConfig
                0x00000000       0x1c ..\obj\stm32f10x_tim.o
 .text.TIM_SelectHallSensor
                0x00000000       0x1c ..\obj\stm32f10x_tim.o
 .text.TIM_SelectOnePulseMode
                0x00000000       0x18 ..\obj\stm32f10x_tim.o
 .text.TIM_SelectOutputTrigger
                0x00000000       0x18 ..\obj\stm32f10x_tim.o
 .text.TIM_SelectSlaveMode
                0x00000000       0x18 ..\obj\stm32f10x_tim.o
 .text.TIM_SelectMasterSlaveMode
                0x00000000       0x18 ..\obj\stm32f10x_tim.o
 .text.TIM_SetCounter
                0x00000000        0x4 ..\obj\stm32f10x_tim.o
 .text.TIM_SetAutoreload
                0x00000000        0x4 ..\obj\stm32f10x_tim.o
 .text.TIM_SetCompare1
                0x00000000        0x4 ..\obj\stm32f10x_tim.o
 .text.TIM_SetCompare2
                0x00000000        0x4 ..\obj\stm32f10x_tim.o
 .text.TIM_SetCompare3
                0x00000000        0x4 ..\obj\stm32f10x_tim.o
 .text.TIM_SetCompare4
                0x00000000        0x8 ..\obj\stm32f10x_tim.o
 .text.TIM_SetIC1Prescaler
                0x00000000       0x18 ..\obj\stm32f10x_tim.o
 .text.TIM_SetIC2Prescaler
                0x00000000       0x1c ..\obj\stm32f10x_tim.o
 .text.TIM_SetIC3Prescaler
                0x00000000       0x18 ..\obj\stm32f10x_tim.o
 .text.TIM_SetIC4Prescaler
                0x00000000       0x1c ..\obj\stm32f10x_tim.o
 .text.TIM_SetClockDivision
                0x00000000       0x18 ..\obj\stm32f10x_tim.o
 .text.TIM_GetCapture1
                0x00000000        0x8 ..\obj\stm32f10x_tim.o
 .text.TIM_GetCapture2
                0x00000000        0x8 ..\obj\stm32f10x_tim.o
 .text.TIM_GetCapture3
                0x00000000        0x8 ..\obj\stm32f10x_tim.o
 .text.TIM_GetCapture4
                0x00000000        0x8 ..\obj\stm32f10x_tim.o
 .text.TIM_GetCounter
                0x00000000        0x8 ..\obj\stm32f10x_tim.o
 .text.TIM_GetPrescaler
                0x00000000        0x8 ..\obj\stm32f10x_tim.o
 .text.TIM_GetFlagStatus
                0x00000000        0xc ..\obj\stm32f10x_tim.o
 .text.TIM_ClearFlag
                0x00000000        0x8 ..\obj\stm32f10x_tim.o
 .text.TIM_GetITStatus
                0x00000000       0x18 ..\obj\stm32f10x_tim.o
 .text.TIM_ClearITPendingBit
                0x00000000        0x8 ..\obj\stm32f10x_tim.o
 .debug_info    0x00000000     0x29a5 ..\obj\stm32f10x_tim.o
 .debug_abbrev  0x00000000      0x2fe ..\obj\stm32f10x_tim.o
 .debug_loc     0x00000000     0x2219 ..\obj\stm32f10x_tim.o
 .debug_aranges
                0x00000000      0x2c0 ..\obj\stm32f10x_tim.o
 .debug_ranges  0x00000000      0x450 ..\obj\stm32f10x_tim.o
 .debug_line    0x00000000     0x1fcb ..\obj\stm32f10x_tim.o
 .debug_str     0x00000000      0xe49 ..\obj\stm32f10x_tim.o
 .comment       0x00000000       0x4a ..\obj\stm32f10x_tim.o
 .debug_frame   0x00000000      0x67c ..\obj\stm32f10x_tim.o
 .ARM.attributes
                0x00000000       0x2d ..\obj\stm32f10x_tim.o
 .text          0x00000000        0x0 ..\obj\stm32f10x_dbgmcu.o
 .data          0x00000000        0x0 ..\obj\stm32f10x_dbgmcu.o
 .bss           0x00000000        0x0 ..\obj\stm32f10x_dbgmcu.o
 .text.DBGMCU_GetREVID
                0x00000000        0xc ..\obj\stm32f10x_dbgmcu.o
 .text.DBGMCU_GetDEVID
                0x00000000       0x10 ..\obj\stm32f10x_dbgmcu.o
 .text.DBGMCU_Config
                0x00000000       0x18 ..\obj\stm32f10x_dbgmcu.o
 .debug_info    0x00000000      0x14a ..\obj\stm32f10x_dbgmcu.o
 .debug_abbrev  0x00000000       0xf9 ..\obj\stm32f10x_dbgmcu.o
 .debug_loc     0x00000000       0x42 ..\obj\stm32f10x_dbgmcu.o
 .debug_aranges
                0x00000000       0x30 ..\obj\stm32f10x_dbgmcu.o
 .debug_ranges  0x00000000       0x20 ..\obj\stm32f10x_dbgmcu.o
 .debug_line    0x00000000      0x20f ..\obj\stm32f10x_dbgmcu.o
 .debug_str     0x00000000      0x230 ..\obj\stm32f10x_dbgmcu.o
 .comment       0x00000000       0x4a ..\obj\stm32f10x_dbgmcu.o
 .debug_frame   0x00000000       0x40 ..\obj\stm32f10x_dbgmcu.o
 .ARM.attributes
                0x00000000       0x2d ..\obj\stm32f10x_dbgmcu.o
 .text          0x00000000        0x0 ..\obj\system_stm32f10x.o
 .bss           0x00000000        0x0 ..\obj\system_stm32f10x.o
 .text          0x00000000        0x0 ..\obj\led.o
 .data          0x00000000        0x0 ..\obj\led.o
 .bss           0x00000000        0x8 ..\obj\led.o
 .text.LedTask  0x00000000       0x98 ..\obj\led.o
 .rodata.str1.4
                0x00000000        0x9 ..\obj\led.o
 .text.LedSystemInit
                0x00000000       0x30 ..\obj\led.o
 .text.LedCreate
                0x00000000       0x4c ..\obj\led.o
 .text.LedDelete
                0x00000000        0x4 ..\obj\led.o
 .text.LedOn    0x00000000        0x8 ..\obj\led.o
 .text.LedOff   0x00000000        0x8 ..\obj\led.o
 .text.LedSchedule
                0x00000000       0x1c ..\obj\led.o
 .debug_info    0x00000000      0x5bb ..\obj\led.o
 .debug_abbrev  0x00000000      0x21d ..\obj\led.o
 .debug_loc     0x00000000      0x16e ..\obj\led.o
 .debug_aranges
                0x00000000       0x50 ..\obj\led.o
 .debug_ranges  0x00000000       0x60 ..\obj\led.o
 .debug_line    0x00000000      0x4cf ..\obj\led.o
 .debug_str     0x00000000      0x3cc ..\obj\led.o
 .comment       0x00000000       0x4a ..\obj\led.o
 .debug_frame   0x00000000       0xbc ..\obj\led.o
 .ARM.attributes
                0x00000000       0x2d ..\obj\led.o
 .text          0x00000000        0x0 ..\obj\stm32f10x_pwr.o
 .data          0x00000000        0x0 ..\obj\stm32f10x_pwr.o
 .bss           0x00000000        0x0 ..\obj\stm32f10x_pwr.o
 .text.PWR_DeInit
                0x00000000       0x1c ..\obj\stm32f10x_pwr.o
 .text.PWR_BackupAccessCmd
                0x00000000        0xc ..\obj\stm32f10x_pwr.o
 .text.PWR_PVDCmd
                0x00000000        0xc ..\obj\stm32f10x_pwr.o
 .text.PWR_PVDLevelConfig
                0x00000000       0x14 ..\obj\stm32f10x_pwr.o
 .text.PWR_WakeUpPinCmd
                0x00000000        0xc ..\obj\stm32f10x_pwr.o
 .text.PWR_EnterSTOPMode
                0x00000000       0x3c ..\obj\stm32f10x_pwr.o
 .text.PWR_EnterSTANDBYMode
                0x00000000       0x28 ..\obj\stm32f10x_pwr.o
 .text.PWR_GetFlagStatus
                0x00000000       0x14 ..\obj\stm32f10x_pwr.o
 .text.PWR_ClearFlag
                0x00000000       0x10 ..\obj\stm32f10x_pwr.o
 .debug_info    0x00000000      0x513 ..\obj\stm32f10x_pwr.o
 .debug_abbrev  0x00000000      0x1d3 ..\obj\stm32f10x_pwr.o
 .debug_loc     0x00000000       0xb8 ..\obj\stm32f10x_pwr.o
 .debug_aranges
                0x00000000       0x60 ..\obj\stm32f10x_pwr.o
 .debug_ranges  0x00000000       0x50 ..\obj\stm32f10x_pwr.o
 .debug_line    0x00000000      0x42d ..\obj\stm32f10x_pwr.o
 .debug_str     0x00000000      0x377 ..\obj\stm32f10x_pwr.o
 .comment       0x00000000       0x4a ..\obj\stm32f10x_pwr.o
 .debug_frame   0x00000000       0xb8 ..\obj\stm32f10x_pwr.o
 .ARM.attributes
                0x00000000       0x2d ..\obj\stm32f10x_pwr.o
 .text          0x00000000        0x0 ..\obj\startup_stm32f10x_md.o
 .data          0x00000000        0x0 ..\obj\startup_stm32f10x_md.o
 .bss           0x00000000        0x0 ..\obj\startup_stm32f10x_md.o
 .text          0x00000000        0x0 ..\obj\stm32f10x_gpio.o
 .data          0x00000000        0x0 ..\obj\stm32f10x_gpio.o
 .bss           0x00000000        0x0 ..\obj\stm32f10x_gpio.o
 .text.GPIO_DeInit
                0x00000000       0xdc ..\obj\stm32f10x_gpio.o
 .text.GPIO_AFIODeInit
                0x00000000       0x18 ..\obj\stm32f10x_gpio.o
 .text.GPIO_StructInit
                0x00000000       0x10 ..\obj\stm32f10x_gpio.o
 .text.GPIO_ReadInputDataBit
                0x00000000        0xc ..\obj\stm32f10x_gpio.o
 .text.GPIO_ReadInputData
                0x00000000        0x8 ..\obj\stm32f10x_gpio.o
 .text.GPIO_ReadOutputData
                0x00000000        0x8 ..\obj\stm32f10x_gpio.o
 .text.GPIO_SetBits
                0x00000000        0x4 ..\obj\stm32f10x_gpio.o
 .text.GPIO_ResetBits
                0x00000000        0x4 ..\obj\stm32f10x_gpio.o
 .text.GPIO_Write
                0x00000000        0x4 ..\obj\stm32f10x_gpio.o
 .text.GPIO_PinLockConfig
                0x00000000       0x10 ..\obj\stm32f10x_gpio.o
 .text.GPIO_EventOutputConfig
                0x00000000       0x1c ..\obj\stm32f10x_gpio.o
 .text.GPIO_EventOutputCmd
                0x00000000        0xc ..\obj\stm32f10x_gpio.o
 .text.GPIO_EXTILineConfig
                0x00000000       0x2c ..\obj\stm32f10x_gpio.o
 .text.GPIO_ETH_MediaInterfaceConfig
                0x00000000        0xc ..\obj\stm32f10x_gpio.o
 .text          0x00000000        0x0 ..\obj\main.o
 .data          0x00000000        0xc ..\obj\main.o
 .text.Watchdog_Config
                0x00000000       0x2c ..\obj\main.o
 .text.Watchdog_Reset_Detect
                0x00000000       0x14 ..\obj\main.o
 .text.UintToString
                0x00000000       0x94 ..\obj\main.o
 .text.CRC8     0x00000000       0xb8 ..\obj\main.o
 .text.SplitString
                0x00000000       0x50 ..\obj\main.o
 .text.MainTask
                0x00000000      0x4e8 ..\obj\main.o
 .text          0x00000000        0x0 ..\obj\timers.o
 .data          0x00000000        0x0 ..\obj\timers.o
 .bss           0x00000000        0x0 ..\obj\timers.o
 .debug_info    0x00000000       0x72 ..\obj\timers.o
 .debug_abbrev  0x00000000       0x26 ..\obj\timers.o
 .debug_aranges
                0x00000000       0x18 ..\obj\timers.o
 .debug_line    0x00000000       0x1d ..\obj\timers.o
 .debug_str     0x00000000      0x1a6 ..\obj\timers.o
 .comment       0x00000000       0x4a ..\obj\timers.o
 .ARM.attributes
                0x00000000       0x33 ..\obj\timers.o
 .text          0x00000000        0x0 ..\obj\stm32f10x_crc.o
 .data          0x00000000        0x0 ..\obj\stm32f10x_crc.o
 .bss           0x00000000        0x0 ..\obj\stm32f10x_crc.o
 .text.CRC_ResetDR
                0x00000000        0xc ..\obj\stm32f10x_crc.o
 .text.CRC_CalcCRC
                0x00000000        0xc ..\obj\stm32f10x_crc.o
 .text.CRC_CalcBlockCRC
                0x00000000       0x20 ..\obj\stm32f10x_crc.o
 .text.CRC_GetCRC
                0x00000000        0xc ..\obj\stm32f10x_crc.o
 .text.CRC_SetIDRegister
                0x00000000        0xc ..\obj\stm32f10x_crc.o
 .text.CRC_GetIDRegister
                0x00000000        0xc ..\obj\stm32f10x_crc.o
 .debug_info    0x00000000      0x209 ..\obj\stm32f10x_crc.o
 .debug_abbrev  0x00000000      0x132 ..\obj\stm32f10x_crc.o
 .debug_loc     0x00000000       0x92 ..\obj\stm32f10x_crc.o
 .debug_aranges
                0x00000000       0x48 ..\obj\stm32f10x_crc.o
 .debug_ranges  0x00000000       0x38 ..\obj\stm32f10x_crc.o
 .debug_line    0x00000000      0x293 ..\obj\stm32f10x_crc.o
 .debug_str     0x00000000      0x279 ..\obj\stm32f10x_crc.o
 .comment       0x00000000       0x4a ..\obj\stm32f10x_crc.o
 .debug_frame   0x00000000       0x70 ..\obj\stm32f10x_crc.o
 .ARM.attributes
                0x00000000       0x2d ..\obj\stm32f10x_crc.o
 .text          0x00000000        0x0 ..\obj\stm32f10x_rcc.o
 .bss           0x00000000        0x0 ..\obj\stm32f10x_rcc.o
 .text.RCC_DeInit
                0x00000000       0x40 ..\obj\stm32f10x_rcc.o
 .text.RCC_HSEConfig
                0x00000000       0x38 ..\obj\stm32f10x_rcc.o
 .text.RCC_WaitForHSEStartUp
                0x00000000       0x30 ..\obj\stm32f10x_rcc.o
 .text.RCC_AdjustHSICalibrationValue
                0x00000000       0x14 ..\obj\stm32f10x_rcc.o
 .text.RCC_HSICmd
                0x00000000        0xc ..\obj\stm32f10x_rcc.o
 .text.RCC_PLLConfig
                0x00000000       0x14 ..\obj\stm32f10x_rcc.o
 .text.RCC_PLLCmd
                0x00000000        0xc ..\obj\stm32f10x_rcc.o
 .text.RCC_SYSCLKConfig
                0x00000000       0x14 ..\obj\stm32f10x_rcc.o
 .text.RCC_GetSYSCLKSource
                0x00000000       0x10 ..\obj\stm32f10x_rcc.o
 .text.RCC_HCLKConfig
                0x00000000       0x14 ..\obj\stm32f10x_rcc.o
 .text.RCC_PCLK1Config
                0x00000000       0x14 ..\obj\stm32f10x_rcc.o
 .text.RCC_PCLK2Config
                0x00000000       0x14 ..\obj\stm32f10x_rcc.o
 .text.RCC_ITConfig
                0x00000000       0x18 ..\obj\stm32f10x_rcc.o
 .text.RCC_USBCLKConfig
                0x00000000        0xc ..\obj\stm32f10x_rcc.o
 .text.RCC_ADCCLKConfig
                0x00000000       0x14 ..\obj\stm32f10x_rcc.o
 .text.RCC_LSEConfig
                0x00000000       0x28 ..\obj\stm32f10x_rcc.o
 .text.RCC_LSICmd
                0x00000000        0xc ..\obj\stm32f10x_rcc.o
 .text.RCC_RTCCLKConfig
                0x00000000       0x10 ..\obj\stm32f10x_rcc.o
 .text.RCC_RTCCLKCmd
                0x00000000        0xc ..\obj\stm32f10x_rcc.o
 .text.RCC_AHBPeriphClockCmd
                0x00000000       0x18 ..\obj\stm32f10x_rcc.o
 .text.RCC_APB2PeriphResetCmd
                0x00000000       0x18 ..\obj\stm32f10x_rcc.o
 .text.RCC_APB1PeriphResetCmd
                0x00000000       0x18 ..\obj\stm32f10x_rcc.o
 .text.RCC_BackupResetCmd
                0x00000000        0xc ..\obj\stm32f10x_rcc.o
 .text.RCC_ClockSecuritySystemCmd
                0x00000000        0xc ..\obj\stm32f10x_rcc.o
 .text.RCC_MCOConfig
                0x00000000        0xc ..\obj\stm32f10x_rcc.o
 .text.RCC_GetFlagStatus
                0x00000000       0x34 ..\obj\stm32f10x_rcc.o
 .text.RCC_ClearFlag
                0x00000000       0x10 ..\obj\stm32f10x_rcc.o
 .text.RCC_GetITStatus
                0x00000000       0x14 ..\obj\stm32f10x_rcc.o
 .text.RCC_ClearITPendingBit
                0x00000000        0xc ..\obj\stm32f10x_rcc.o
 .text          0x00000000        0x0 ..\obj\gpio.o
 .data          0x00000000        0x0 ..\obj\gpio.o
 .text.DecodePortId
                0x00000000       0x14 ..\obj\gpio.o
 .text.DecodePinId
                0x00000000       0x14 ..\obj\gpio.o
 .text.DecodePinMode
                0x00000000        0xc ..\obj\gpio.o
 .text.GpioClockMask
                0x00000000       0x14 ..\obj\gpio.o
 .text.SetPinState
                0x00000000       0x5c ..\obj\gpio.o
 .text.GetPinState
                0x00000000       0x38 ..\obj\gpio.o
 .text          0x00000000        0x0 ..\obj\tasks.o
 .data          0x00000000        0x0 ..\obj\tasks.o
 .text.prvAddCurrentTaskToDelayedList.constprop.0
                0x00000000       0x50 ..\obj\tasks.o
 .text.vTaskEndScheduler
                0x00000000       0x20 ..\obj\tasks.o
 .text.xTaskGetTickCount
                0x00000000        0xc ..\obj\tasks.o
 .text.xTaskGetTickCountFromISR
                0x00000000        0xc ..\obj\tasks.o
 .text.uxTaskGetNumberOfTasks
                0x00000000        0xc ..\obj\tasks.o
 .text.pcTaskGetName
                0x00000000       0x14 ..\obj\tasks.o
 .text.vTaskPlaceOnEventList
                0x00000000       0x58 ..\obj\tasks.o
 .text.vTaskPlaceOnUnorderedEventList
                0x00000000       0x64 ..\obj\tasks.o
 .text.xTaskRemoveFromUnorderedEventList
                0x00000000       0x50 ..\obj\tasks.o
 .text.vTaskSetTimeOutState
                0x00000000       0x14 ..\obj\tasks.o
 .text.xTaskCheckForTimeOut
                0x00000000       0x50 ..\obj\tasks.o
 .text.vTaskMissedYield
                0x00000000       0x10 ..\obj\tasks.o
 .text.uxTaskResetEventItemValue
                0x00000000       0x18 ..\obj\tasks.o
 .text.ulTaskNotifyTake
                0x00000000       0x6c ..\obj\tasks.o
 .text.xTaskNotifyWait
                0x00000000       0x8c ..\obj\tasks.o
 .text.xTaskGenericNotify
                0x00000000       0xac ..\obj\tasks.o
 .text.xTaskGenericNotifyFromISR
                0x00000000       0xd0 ..\obj\tasks.o
 .text.vTaskNotifyGiveFromISR
                0x00000000       0xa4 ..\obj\tasks.o
 .text.xTaskNotifyStateClear
                0x00000000       0x30 ..\obj\tasks.o
 .text          0x00000000        0x0 ..\obj\stm32f10x_adc.o
 .data          0x00000000        0x0 ..\obj\stm32f10x_adc.o
 .bss           0x00000000        0x0 ..\obj\stm32f10x_adc.o
 .text.ADC_DeInit
                0x00000000       0x6c ..\obj\stm32f10x_adc.o
 .text.ADC_Init
                0x00000000       0x4c ..\obj\stm32f10x_adc.o
 .text.ADC_StructInit
                0x00000000       0x10 ..\obj\stm32f10x_adc.o
 .text.ADC_DMACmd
                0x00000000       0x14 ..\obj\stm32f10x_adc.o
 .text.ADC_ITConfig
                0x00000000       0x14 ..\obj\stm32f10x_adc.o
 .text.ADC_ResetCalibration
                0x00000000        0xc ..\obj\stm32f10x_adc.o
 .text.ADC_GetResetCalibrationStatus
                0x00000000        0x8 ..\obj\stm32f10x_adc.o
 .text.ADC_StartCalibration
                0x00000000        0xc ..\obj\stm32f10x_adc.o
 .text.ADC_GetCalibrationStatus
                0x00000000        0x8 ..\obj\stm32f10x_adc.o
 .text.ADC_GetSoftwareStartConvStatus
                0x00000000        0x8 ..\obj\stm32f10x_adc.o
 .text.ADC_DiscModeChannelCountConfig
                0x00000000       0x10 ..\obj\stm32f10x_adc.o
 .text.ADC_DiscModeCmd
                0x00000000       0x14 ..\obj\stm32f10x_adc.o
 .text.ADC_RegularChannelConfig
                0x00000000       0x9c ..\obj\stm32f10x_adc.o
 .text.ADC_ExternalTrigConvCmd
                0x00000000       0x14 ..\obj\stm32f10x_adc.o
 .text.ADC_GetDualModeConversionValue
                0x00000000        0xc ..\obj\stm32f10x_adc.o
 .text.ADC_AutoInjectedConvCmd
                0x00000000       0x14 ..\obj\stm32f10x_adc.o
 .text.ADC_InjectedDiscModeCmd
                0x00000000       0x14 ..\obj\stm32f10x_adc.o
 .text.ADC_ExternalTrigInjectedConvConfig
                0x00000000        0xc ..\obj\stm32f10x_adc.o
 .text.ADC_ExternalTrigInjectedConvCmd
                0x00000000       0x14 ..\obj\stm32f10x_adc.o
 .text.ADC_SoftwareStartInjectedConvCmd
                0x00000000       0x14 ..\obj\stm32f10x_adc.o
 .text.ADC_GetSoftwareStartInjectedConvCmdStatus
                0x00000000        0x8 ..\obj\stm32f10x_adc.o
 .text.ADC_InjectedChannelConfig
                0x00000000       0x60 ..\obj\stm32f10x_adc.o
 .text.ADC_InjectedSequencerLengthConfig
                0x00000000       0x10 ..\obj\stm32f10x_adc.o
 .text.ADC_SetInjectedOffset
                0x00000000       0x18 ..\obj\stm32f10x_adc.o
 .text.ADC_GetInjectedConversionValue
                0x00000000       0x1c ..\obj\stm32f10x_adc.o
 .text.ADC_AnalogWatchdogCmd
                0x00000000       0x10 ..\obj\stm32f10x_adc.o
 .text.ADC_AnalogWatchdogThresholdsConfig
                0x00000000        0x8 ..\obj\stm32f10x_adc.o
 .text.ADC_AnalogWatchdogSingleChannelConfig
                0x00000000        0xc ..\obj\stm32f10x_adc.o
 .text.ADC_TempSensorVrefintCmd
                0x00000000       0x1c ..\obj\stm32f10x_adc.o
 .text.ADC_GetFlagStatus
                0x00000000        0xc ..\obj\stm32f10x_adc.o
 .text.ADC_ClearFlag
                0x00000000        0x8 ..\obj\stm32f10x_adc.o
 .text          0x00000000        0x0 ..\obj\stm32f10x_usart.o
 .data          0x00000000        0x0 ..\obj\stm32f10x_usart.o
 .bss           0x00000000        0x0 ..\obj\stm32f10x_usart.o
 .text.USART_DeInit
                0x00000000       0xb0 ..\obj\stm32f10x_usart.o
 .text.USART_StructInit
                0x00000000       0x14 ..\obj\stm32f10x_usart.o
 .text.USART_ClockInit
                0x00000000       0x28 ..\obj\stm32f10x_usart.o
 .text.USART_ClockStructInit
                0x00000000        0x8 ..\obj\stm32f10x_usart.o
 .text.USART_DMACmd
                0x00000000       0x14 ..\obj\stm32f10x_usart.o
 .text.USART_SetAddress
                0x00000000       0x18 ..\obj\stm32f10x_usart.o
 .text.USART_WakeUpConfig
                0x00000000       0x18 ..\obj\stm32f10x_usart.o
 .text.USART_ReceiverWakeUpCmd
                0x00000000       0x1c ..\obj\stm32f10x_usart.o
 .text.USART_LINBreakDetectLengthConfig
                0x00000000       0x18 ..\obj\stm32f10x_usart.o
 .text.USART_LINCmd
                0x00000000       0x1c ..\obj\stm32f10x_usart.o
 .text.USART_SendBreak
                0x00000000        0xc ..\obj\stm32f10x_usart.o
 .text.USART_SetGuardTime
                0x00000000       0x14 ..\obj\stm32f10x_usart.o
 .text.USART_SetPrescaler
                0x00000000       0x14 ..\obj\stm32f10x_usart.o
 .text.USART_SmartCardCmd
                0x00000000       0x1c ..\obj\stm32f10x_usart.o
 .text.USART_SmartCardNACKCmd
                0x00000000       0x1c ..\obj\stm32f10x_usart.o
 .text.USART_HalfDuplexCmd
                0x00000000       0x1c ..\obj\stm32f10x_usart.o
 .text.USART_OverSampling8Cmd
                0x00000000       0x1c ..\obj\stm32f10x_usart.o
 .text.USART_OneBitMethodCmd
                0x00000000       0x1c ..\obj\stm32f10x_usart.o
 .text.USART_IrDAConfig
                0x00000000       0x18 ..\obj\stm32f10x_usart.o
 .text.USART_IrDACmd
                0x00000000       0x1c ..\obj\stm32f10x_usart.o
 .text.USART_ClearFlag
                0x00000000        0x8 ..\obj\stm32f10x_usart.o
 .text          0x00000000        0x0 ..\obj\list.o
 .data          0x00000000        0x0 ..\obj\list.o
 .bss           0x00000000        0x0 ..\obj\list.o
 .text          0x00000000        0x0 ..\obj\exti.o
 .data          0x00000000        0x0 ..\obj\exti.o
 .text.ExtiInit
                0x00000000        0x4 ..\obj\exti.o
 .text.ExtiChannelCreate
                0x00000000       0x38 ..\obj\exti.o
 .text.ExtiEnable
                0x00000000      0x274 ..\obj\exti.o
 .text.ExtiDisable
                0x00000000        0x4 ..\obj\exti.o
 .text.ExtiRegisterHandler
                0x00000000        0x8 ..\obj\exti.o
 .text          0x00000000        0x0 ..\obj\adc.o
 .data          0x00000000        0x0 ..\obj\adc.o
 .text.AdcInit  0x00000000       0xa8 ..\obj\adc.o
 .text.AdcStart
                0x00000000       0xa0 ..\obj\adc.o
 .text.AdcStop  0x00000000        0xc ..\obj\adc.o
 .text.AdcChannelCreate
                0x00000000       0xf8 ..\obj\adc.o
 .text.AdcChannelRead
                0x00000000       0x34 ..\obj\adc.o
 .text.AdcHchannel
                0x00000000       0x10 ..\obj\adc.o
 .text          0x00000000        0x0 ..\obj\queue.o
 .data          0x00000000        0x0 ..\obj\queue.o
 .bss           0x00000000        0x0 ..\obj\queue.o
 .text.xQueueGenericReset
                0x00000000       0x7c ..\obj\queue.o
 .text.xQueueGenericSend
                0x00000000      0x318 ..\obj\queue.o
 .text.xQueueGenericReceive
                0x00000000      0x2bc ..\obj\queue.o
 .text.xQueueReceiveFromISR
                0x00000000       0x90 ..\obj\queue.o
 .text.xQueuePeekFromISR
                0x00000000       0x48 ..\obj\queue.o
 .text.uxQueueMessagesWaiting
                0x00000000       0x14 ..\obj\queue.o
 .text.uxQueueSpacesAvailable
                0x00000000       0x18 ..\obj\queue.o
 .text.uxQueueMessagesWaitingFromISR
                0x00000000        0x4 ..\obj\queue.o
 .text.vQueueDelete
                0x00000000        0x4 ..\obj\queue.o
 .text.xQueueIsQueueEmptyFromISR
                0x00000000        0xc ..\obj\queue.o
 .text.xQueueIsQueueFullFromISR
                0x00000000       0x10 ..\obj\queue.o
 .text          0x00000000        0x0 ..\obj\port.o
 .bss           0x00000000        0x0 ..\obj\port.o
 .text.vPortEndScheduler
                0x00000000        0x4 ..\obj\port.o
 .text          0x00000000        0x0 ..\obj\debug.o
 .data          0x00000000        0x0 ..\obj\debug.o
 .bss           0x00000000      0x294 ..\obj\debug.o
 .rodata.str1.4
                0x00000000      0x1ff ..\obj\debug.o
 .text.DebugKeyHandler
                0x00000000      0x160 ..\obj\debug.o
 .text.prints.constprop.0
                0x00000000       0xd0 ..\obj\debug.o
 .text.printi.constprop.0
                0x00000000       0xbc ..\obj\debug.o
 .text.print.constprop.0
                0x00000000      0x130 ..\obj\debug.o
 .text.DebugInit
                0x00000000       0x98 ..\obj\debug.o
 .text.DebugRegister
                0x00000000       0x30 ..\obj\debug.o
 .text.DebugSendKey
                0x00000000       0x94 ..\obj\debug.o
 .text.DebugError
                0x00000000       0x54 ..\obj\debug.o
 .text.DebugInfo
                0x00000000       0x54 ..\obj\debug.o
 .text.DebugWarning
                0x00000000       0x54 ..\obj\debug.o
 .text.HandleInputKey
                0x00000000      0x2e4 ..\obj\debug.o
 .text.DebugTask
                0x00000000       0x64 ..\obj\debug.o
 .text.printf   0x00000000       0x1c ..\obj\debug.o
 .text.DebugPrintf
                0x00000000       0x58 ..\obj\debug.o
 .text.DebugWarnPrintf
                0x00000000       0x58 ..\obj\debug.o
 .text.DebugErrorPrintf
                0x00000000       0x58 ..\obj\debug.o
 .debug_info    0x00000000     0x161f ..\obj\debug.o
 .debug_abbrev  0x00000000      0x460 ..\obj\debug.o
 .debug_loc     0x00000000     0x14ca ..\obj\debug.o
 .debug_aranges
                0x00000000       0x98 ..\obj\debug.o
 .debug_ranges  0x00000000      0x148 ..\obj\debug.o
 .debug_line    0x00000000      0xf27 ..\obj\debug.o
 .debug_str     0x00000000      0x576 ..\obj\debug.o
 .comment       0x00000000       0x4a ..\obj\debug.o
 .debug_frame   0x00000000      0x2c4 ..\obj\debug.o
 .ARM.attributes
                0x00000000       0x2d ..\obj\debug.o
 .text          0x00000000        0x0 ..\obj\stm32f10x_dma.o
 .data          0x00000000        0x0 ..\obj\stm32f10x_dma.o
 .bss           0x00000000        0x0 ..\obj\stm32f10x_dma.o
 .text.DMA_DeInit
                0x00000000      0x128 ..\obj\stm32f10x_dma.o
 .text.DMA_Init
                0x00000000       0x40 ..\obj\stm32f10x_dma.o
 .text.DMA_StructInit
                0x00000000       0x1c ..\obj\stm32f10x_dma.o
 .text.DMA_Cmd  0x00000000       0x18 ..\obj\stm32f10x_dma.o
 .text.DMA_ITConfig
                0x00000000       0x14 ..\obj\stm32f10x_dma.o
 .text.DMA_SetCurrDataCounter
                0x00000000        0x4 ..\obj\stm32f10x_dma.o
 .text.DMA_GetCurrDataCounter
                0x00000000        0x8 ..\obj\stm32f10x_dma.o
 .text.DMA_GetFlagStatus
                0x00000000       0x1c ..\obj\stm32f10x_dma.o
 .text.DMA_ClearFlag
                0x00000000       0x14 ..\obj\stm32f10x_dma.o
 .text.DMA_GetITStatus
                0x00000000       0x1c ..\obj\stm32f10x_dma.o
 .text.DMA_ClearITPendingBit
                0x00000000       0x14 ..\obj\stm32f10x_dma.o
 .debug_info    0x00000000      0x4ac ..\obj\stm32f10x_dma.o
 .debug_abbrev  0x00000000      0x223 ..\obj\stm32f10x_dma.o
 .debug_loc     0x00000000      0x139 ..\obj\stm32f10x_dma.o
 .debug_aranges
                0x00000000       0x60 ..\obj\stm32f10x_dma.o
 .debug_ranges  0x00000000       0x50 ..\obj\stm32f10x_dma.o
 .debug_line    0x00000000      0x519 ..\obj\stm32f10x_dma.o
 .debug_str     0x00000000      0x3f5 ..\obj\stm32f10x_dma.o
 .comment       0x00000000       0x4a ..\obj\stm32f10x_dma.o
 .debug_frame   0x00000000       0xcc ..\obj\stm32f10x_dma.o
 .ARM.attributes
                0x00000000       0x2d ..\obj\stm32f10x_dma.o
 .text          0x00000000        0x0 ..\obj\croutine.o
 .data          0x00000000        0x0 ..\obj\croutine.o
 .bss           0x00000000        0x0 ..\obj\croutine.o
 .debug_info    0x00000000       0x72 ..\obj\croutine.o
 .debug_abbrev  0x00000000       0x26 ..\obj\croutine.o
 .debug_aranges
                0x00000000       0x18 ..\obj\croutine.o
 .debug_line    0x00000000       0x1d ..\obj\croutine.o
 .debug_str     0x00000000      0x1a8 ..\obj\croutine.o
 .comment       0x00000000       0x4a ..\obj\croutine.o
 .ARM.attributes
                0x00000000       0x33 ..\obj\croutine.o
 .text          0x00000000        0x0 ..\obj\event_groups.o
 .data          0x00000000        0x0 ..\obj\event_groups.o
 .bss           0x00000000        0x0 ..\obj\event_groups.o
 .text.xEventGroupCreate
                0x00000000       0x1c ..\obj\event_groups.o
 .text.xEventGroupSync
                0x00000000       0xf8 ..\obj\event_groups.o
 .text.xEventGroupWaitBits
                0x00000000       0xc4 ..\obj\event_groups.o
 .text.xEventGroupClearBits
                0x00000000       0x1c ..\obj\event_groups.o
 .text.xEventGroupGetBitsFromISR
                0x00000000       0x1c ..\obj\event_groups.o
 .text.xEventGroupSetBits
                0x00000000       0x68 ..\obj\event_groups.o
 .text.vEventGroupDelete
                0x00000000       0x2c ..\obj\event_groups.o
 .text.vEventGroupSetBitsCallback
                0x00000000       0x64 ..\obj\event_groups.o
 .text.vEventGroupClearBitsCallback
                0x00000000       0x1c ..\obj\event_groups.o
 .debug_info    0x00000000      0xc81 ..\obj\event_groups.o
 .debug_abbrev  0x00000000      0x2be ..\obj\event_groups.o
 .debug_loc     0x00000000      0xe53 ..\obj\event_groups.o
 .debug_aranges
                0x00000000       0x60 ..\obj\event_groups.o
 .debug_ranges  0x00000000       0xf0 ..\obj\event_groups.o
 .debug_line    0x00000000      0x8da ..\obj\event_groups.o
 .debug_str     0x00000000      0x62f ..\obj\event_groups.o
 .comment       0x00000000       0x4a ..\obj\event_groups.o
 .debug_frame   0x00000000      0x138 ..\obj\event_groups.o
 .ARM.attributes
                0x00000000       0x2d ..\obj\event_groups.o
 .text          0x00000000        0x0 ..\obj\heap_1.o
 .data          0x00000000        0x0 ..\obj\heap_1.o
 .text.vPortInitialiseBlocks
                0x00000000        0xc ..\obj\heap_1.o
 .text.xPortGetFreeHeapSize
                0x00000000       0x10 ..\obj\heap_1.o
 .text          0x00000000        0x0 ..\obj\stm32f10x_bkp.o
 .data          0x00000000        0x0 ..\obj\stm32f10x_bkp.o
 .bss           0x00000000        0x0 ..\obj\stm32f10x_bkp.o
 .text.BKP_DeInit
                0x00000000       0x14 ..\obj\stm32f10x_bkp.o
 .text.BKP_TamperPinLevelConfig
                0x00000000        0xc ..\obj\stm32f10x_bkp.o
 .text.BKP_TamperPinCmd
                0x00000000        0xc ..\obj\stm32f10x_bkp.o
 .text.BKP_ITConfig
                0x00000000        0xc ..\obj\stm32f10x_bkp.o
 .text.BKP_RTCOutputConfig
                0x00000000       0x18 ..\obj\stm32f10x_bkp.o
 .text.BKP_SetRTCCalibrationValue
                0x00000000       0x18 ..\obj\stm32f10x_bkp.o
 .text.BKP_WriteBackupRegister
                0x00000000       0x1c ..\obj\stm32f10x_bkp.o
 .text.BKP_ReadBackupRegister
                0x00000000       0x20 ..\obj\stm32f10x_bkp.o
 .text.BKP_GetFlagStatus
                0x00000000       0x10 ..\obj\stm32f10x_bkp.o
 .text.BKP_ClearFlag
                0x00000000       0x14 ..\obj\stm32f10x_bkp.o
 .text.BKP_GetITStatus
                0x00000000       0x10 ..\obj\stm32f10x_bkp.o
 .text.BKP_ClearITPendingBit
                0x00000000       0x14 ..\obj\stm32f10x_bkp.o
 .debug_info    0x00000000      0x83f ..\obj\stm32f10x_bkp.o
 .debug_abbrev  0x00000000      0x1ab ..\obj\stm32f10x_bkp.o
 .debug_loc     0x00000000       0xaa ..\obj\stm32f10x_bkp.o
 .debug_aranges
                0x00000000       0x78 ..\obj\stm32f10x_bkp.o
 .debug_ranges  0x00000000       0x68 ..\obj\stm32f10x_bkp.o
 .debug_line    0x00000000      0x3de ..\obj\stm32f10x_bkp.o
 .debug_str     0x00000000      0x606 ..\obj\stm32f10x_bkp.o
 .comment       0x00000000       0x4a ..\obj\stm32f10x_bkp.o
 .debug_frame   0x00000000       0xec ..\obj\stm32f10x_bkp.o
 .ARM.attributes
                0x00000000       0x2d ..\obj\stm32f10x_bkp.o
 .text          0x00000000        0x0 ..\obj\usart.o
 .data          0x00000000        0x0 ..\obj\usart.o
 .text.PinSourceDecode
                0x00000000       0xb8 ..\obj\usart.o
 .text.GetIRQnFromId
                0x00000000       0x10 ..\obj\usart.o
 .text.GetGpioClockMask
                0x00000000       0x5c ..\obj\usart.o
 .text.DecodeUsartId
                0x00000000       0x14 ..\obj\usart.o
 .text.StartUsartClock
                0x00000000       0x44 ..\obj\usart.o
 .text.UsartSendByte
                0x00000000       0x44 ..\obj\usart.o
 .text.UsartReceiveByte
                0x00000000       0x18 ..\obj\usart.o
 .text.ResetUsartBuffer
                0x00000000        0x4 ..\obj\usart.o
 .text.IsInitialised
                0x00000000        0x4 ..\obj\usart.o
 .text          0x00000000        0x0 ..\obj\stm32f10x_iwdg.o
 .data          0x00000000        0x0 ..\obj\stm32f10x_iwdg.o
 .bss           0x00000000        0x0 ..\obj\stm32f10x_iwdg.o
 .text.IWDG_WriteAccessCmd
                0x00000000        0xc ..\obj\stm32f10x_iwdg.o
 .text.IWDG_SetPrescaler
                0x00000000        0xc ..\obj\stm32f10x_iwdg.o
 .text.IWDG_SetReload
                0x00000000        0xc ..\obj\stm32f10x_iwdg.o
 .text.IWDG_ReloadCounter
                0x00000000       0x10 ..\obj\stm32f10x_iwdg.o
 .text.IWDG_Enable
                0x00000000       0x10 ..\obj\stm32f10x_iwdg.o
 .text.IWDG_GetFlagStatus
                0x00000000       0x14 ..\obj\stm32f10x_iwdg.o
 .debug_info    0x00000000      0x201 ..\obj\stm32f10x_iwdg.o
 .debug_abbrev  0x00000000      0x13b ..\obj\stm32f10x_iwdg.o
 .debug_loc     0x00000000       0x4f ..\obj\stm32f10x_iwdg.o
 .debug_aranges
                0x00000000       0x48 ..\obj\stm32f10x_iwdg.o
 .debug_ranges  0x00000000       0x38 ..\obj\stm32f10x_iwdg.o
 .debug_line    0x00000000      0x25e ..\obj\stm32f10x_iwdg.o
 .debug_str     0x00000000      0x29a ..\obj\stm32f10x_iwdg.o
 .comment       0x00000000       0x4a ..\obj\stm32f10x_iwdg.o
 .debug_frame   0x00000000       0x70 ..\obj\stm32f10x_iwdg.o
 .ARM.attributes
                0x00000000       0x2d ..\obj\stm32f10x_iwdg.o
 .data          0x00000000        0x0 c:/program files (x86)/gnu arm embedded toolchain/10 2021.07/bin/../lib/gcc/arm-none-eabi/10.3.1/../../../../arm-none-eabi/lib/thumb/v7-m/nofp\libg.a(lib_a-memcpy.o)
 .bss           0x00000000        0x0 c:/program files (x86)/gnu arm embedded toolchain/10 2021.07/bin/../lib/gcc/arm-none-eabi/10.3.1/../../../../arm-none-eabi/lib/thumb/v7-m/nofp\libg.a(lib_a-memcpy.o)
 .text          0x00000000        0x0 c:/program files (x86)/gnu arm embedded toolchain/10 2021.07/bin/../lib/gcc/arm-none-eabi/10.3.1/../../../../arm-none-eabi/lib/thumb/v7-m/nofp\libg.a(lib_a-memset.o)
 .data          0x00000000        0x0 c:/program files (x86)/gnu arm embedded toolchain/10 2021.07/bin/../lib/gcc/arm-none-eabi/10.3.1/../../../../arm-none-eabi/lib/thumb/v7-m/nofp\libg.a(lib_a-memset.o)
 .bss           0x00000000        0x0 c:/program files (x86)/gnu arm embedded toolchain/10 2021.07/bin/../lib/gcc/arm-none-eabi/10.3.1/../../../../arm-none-eabi/lib/thumb/v7-m/nofp\libg.a(lib_a-memset.o)
 .text.memset   0x00000000       0xa4 c:/program files (x86)/gnu arm embedded toolchain/10 2021.07/bin/../lib/gcc/arm-none-eabi/10.3.1/../../../../arm-none-eabi/lib/thumb/v7-m/nofp\libg.a(lib_a-memset.o)
 .debug_frame   0x00000000       0x2c c:/program files (x86)/gnu arm embedded toolchain/10 2021.07/bin/../lib/gcc/arm-none-eabi/10.3.1/../../../../arm-none-eabi/lib/thumb/v7-m/nofp\libg.a(lib_a-memset.o)
 .ARM.attributes
                0x00000000       0x2d c:/program files (x86)/gnu arm embedded toolchain/10 2021.07/bin/../lib/gcc/arm-none-eabi/10.3.1/../../../../arm-none-eabi/lib/thumb/v7-m/nofp\libg.a(lib_a-memset.o)
 .text          0x00000000        0x0 c:/program files (x86)/gnu arm embedded toolchain/10 2021.07/bin/../lib/gcc/arm-none-eabi/10.3.1/../../../../arm-none-eabi/lib/thumb/v7-m/nofp\libg.a(lib_a-stpcpy.o)
 .data          0x00000000        0x0 c:/program files (x86)/gnu arm embedded toolchain/10 2021.07/bin/../lib/gcc/arm-none-eabi/10.3.1/../../../../arm-none-eabi/lib/thumb/v7-m/nofp\libg.a(lib_a-stpcpy.o)
 .bss           0x00000000        0x0 c:/program files (x86)/gnu arm embedded toolchain/10 2021.07/bin/../lib/gcc/arm-none-eabi/10.3.1/../../../../arm-none-eabi/lib/thumb/v7-m/nofp\libg.a(lib_a-stpcpy.o)
 .text.stpcpy   0x00000000       0x48 c:/program files (x86)/gnu arm embedded toolchain/10 2021.07/bin/../lib/gcc/arm-none-eabi/10.3.1/../../../../arm-none-eabi/lib/thumb/v7-m/nofp\libg.a(lib_a-stpcpy.o)
 .debug_frame   0x00000000       0x20 c:/program files (x86)/gnu arm embedded toolchain/10 2021.07/bin/../lib/gcc/arm-none-eabi/10.3.1/../../../../arm-none-eabi/lib/thumb/v7-m/nofp\libg.a(lib_a-stpcpy.o)
 .ARM.attributes
                0x00000000       0x2d c:/program files (x86)/gnu arm embedded toolchain/10 2021.07/bin/../lib/gcc/arm-none-eabi/10.3.1/../../../../arm-none-eabi/lib/thumb/v7-m/nofp\libg.a(lib_a-stpcpy.o)
 .text          0x00000000      0x1bc c:/program files (x86)/gnu arm embedded toolchain/10 2021.07/bin/../lib/gcc/arm-none-eabi/10.3.1/../../../../arm-none-eabi/lib/thumb/v7-m/nofp\libg.a(lib_a-strcmp.o)
 .data          0x00000000        0x0 c:/program files (x86)/gnu arm embedded toolchain/10 2021.07/bin/../lib/gcc/arm-none-eabi/10.3.1/../../../../arm-none-eabi/lib/thumb/v7-m/nofp\libg.a(lib_a-strcmp.o)
 .bss           0x00000000        0x0 c:/program files (x86)/gnu arm embedded toolchain/10 2021.07/bin/../lib/gcc/arm-none-eabi/10.3.1/../../../../arm-none-eabi/lib/thumb/v7-m/nofp\libg.a(lib_a-strcmp.o)
 .debug_frame   0x00000000       0x34 c:/program files (x86)/gnu arm embedded toolchain/10 2021.07/bin/../lib/gcc/arm-none-eabi/10.3.1/../../../../arm-none-eabi/lib/thumb/v7-m/nofp\libg.a(lib_a-strcmp.o)
 .ARM.attributes
                0x00000000       0x1b c:/program files (x86)/gnu arm embedded toolchain/10 2021.07/bin/../lib/gcc/arm-none-eabi/10.3.1/../../../../arm-none-eabi/lib/thumb/v7-m/nofp\libg.a(lib_a-strcmp.o)
 .text          0x00000000        0x0 c:/program files (x86)/gnu arm embedded toolchain/10 2021.07/bin/../lib/gcc/arm-none-eabi/10.3.1/../../../../arm-none-eabi/lib/thumb/v7-m/nofp\libg.a(lib_a-strcpy.o)
 .data          0x00000000        0x0 c:/program files (x86)/gnu arm embedded toolchain/10 2021.07/bin/../lib/gcc/arm-none-eabi/10.3.1/../../../../arm-none-eabi/lib/thumb/v7-m/nofp\libg.a(lib_a-strcpy.o)
 .bss           0x00000000        0x0 c:/program files (x86)/gnu arm embedded toolchain/10 2021.07/bin/../lib/gcc/arm-none-eabi/10.3.1/../../../../arm-none-eabi/lib/thumb/v7-m/nofp\libg.a(lib_a-strcpy.o)
 .text.strcpy   0x00000000       0xbc c:/program files (x86)/gnu arm embedded toolchain/10 2021.07/bin/../lib/gcc/arm-none-eabi/10.3.1/../../../../arm-none-eabi/lib/thumb/v7-m/nofp\libg.a(lib_a-strcpy.o)
 .debug_frame   0x00000000       0x20 c:/program files (x86)/gnu arm embedded toolchain/10 2021.07/bin/../lib/gcc/arm-none-eabi/10.3.1/../../../../arm-none-eabi/lib/thumb/v7-m/nofp\libg.a(lib_a-strcpy.o)
 .ARM.attributes
                0x00000000       0x2d c:/program files (x86)/gnu arm embedded toolchain/10 2021.07/bin/../lib/gcc/arm-none-eabi/10.3.1/../../../../arm-none-eabi/lib/thumb/v7-m/nofp\libg.a(lib_a-strcpy.o)
 .text          0x00000000        0x0 c:/program files (x86)/gnu arm embedded toolchain/10 2021.07/bin/../lib/gcc/arm-none-eabi/10.3.1/../../../../arm-none-eabi/lib/thumb/v7-m/nofp\libg.a(lib_a-strlen-stub.o)
 .data          0x00000000        0x0 c:/program files (x86)/gnu arm embedded toolchain/10 2021.07/bin/../lib/gcc/arm-none-eabi/10.3.1/../../../../arm-none-eabi/lib/thumb/v7-m/nofp\libg.a(lib_a-strlen-stub.o)
 .bss           0x00000000        0x0 c:/program files (x86)/gnu arm embedded toolchain/10 2021.07/bin/../lib/gcc/arm-none-eabi/10.3.1/../../../../arm-none-eabi/lib/thumb/v7-m/nofp\libg.a(lib_a-strlen-stub.o)
 .text.strlen   0x00000000       0x5c c:/program files (x86)/gnu arm embedded toolchain/10 2021.07/bin/../lib/gcc/arm-none-eabi/10.3.1/../../../../arm-none-eabi/lib/thumb/v7-m/nofp\libg.a(lib_a-strlen-stub.o)
 .debug_frame   0x00000000       0x20 c:/program files (x86)/gnu arm embedded toolchain/10 2021.07/bin/../lib/gcc/arm-none-eabi/10.3.1/../../../../arm-none-eabi/lib/thumb/v7-m/nofp\libg.a(lib_a-strlen-stub.o)
 .ARM.attributes
                0x00000000       0x2d c:/program files (x86)/gnu arm embedded toolchain/10 2021.07/bin/../lib/gcc/arm-none-eabi/10.3.1/../../../../arm-none-eabi/lib/thumb/v7-m/nofp\libg.a(lib_a-strlen-stub.o)

Memory Configuration

Name             Origin             Length             Attributes
rom              0x08000000         0x00010000         xr
ram              0x20000000         0x00005000         xrw
*default*        0x00000000         0xffffffff

Linker script and memory map

                0x20005000                _eram = 0x20005000

.text           0x08000000     0x1e18
 *(.isr_vector)
 .isr_vector    0x08000000      0x10c ..\obj\startup_stm32f10x_md.o
                0x08000000                g_pfnVectors
 *(.text*)
 .text.SystemInit
                0x0800010c      0x100 ..\obj\system_stm32f10x.o
                0x0800010c                SystemInit
 .text.SystemCoreClockUpdate
                0x0800020c       0x58 ..\obj\system_stm32f10x.o
                0x0800020c                SystemCoreClockUpdate
 .text.Default_Handler
                0x08000264        0x4 ..\obj\startup_stm32f10x_md.o
                0x08000264                DebugMon_Handler
                0x08000264                TIM1_CC_IRQHandler
                0x08000264                PVD_IRQHandler
                0x08000264                NMI_Handler
                0x08000264                I2C2_EV_IRQHandler
                0x08000264                UsageFault_Handler
                0x08000264                SPI1_IRQHandler
                0x08000264                TAMPER_IRQHandler
                0x08000264                DMA1_Channel4_IRQHandler
                0x08000264                USART3_IRQHandler
                0x08000264                RTC_IRQHandler
                0x08000264                DMA1_Channel7_IRQHandler
                0x08000264                CAN1_RX1_IRQHandler
                0x08000264                TIM4_IRQHandler
                0x08000264                I2C1_EV_IRQHandler
                0x08000264                DMA1_Channel6_IRQHandler
                0x08000264                TIM3_IRQHandler
                0x08000264                RCC_IRQHandler
                0x08000264                TIM1_TRG_COM_IRQHandler
                0x08000264                DMA1_Channel1_IRQHandler
                0x08000264                SPI2_IRQHandler
                0x08000264                MemManage_Handler
                0x08000264                DMA1_Channel5_IRQHandler
                0x08000264                USB_LP_CAN1_RX0_IRQHandler
                0x08000264                USB_HP_CAN1_TX_IRQHandler
                0x08000264                DMA1_Channel3_IRQHandler
                0x08000264                TIM1_UP_IRQHandler
                0x08000264                WWDG_IRQHandler
                0x08000264                TIM2_IRQHandler
                0x08000264                TIM1_BRK_IRQHandler
                0x08000264                RTCAlarm_IRQHandler
                0x08000264                I2C2_ER_IRQHandler
                0x08000264                DMA1_Channel2_IRQHandler
                0x08000264                CAN1_SCE_IRQHandler
                0x08000264                FLASH_IRQHandler
                0x08000264                BusFault_Handler
                0x08000264                I2C1_ER_IRQHandler
                0x08000264                USBWakeUp_IRQHandler
 .text.Default_Reset_Handler
                0x08000268       0x4c ..\obj\startup_stm32f10x_md.o
                0x08000268                Default_Reset_Handler
                0x08000268                Reset_Handler
 .text.GPIO_Init
                0x080002b4      0x328 ..\obj\stm32f10x_gpio.o
                0x080002b4                GPIO_Init
 .text.GPIO_ReadOutputDataBit
                0x080005dc        0xc ..\obj\stm32f10x_gpio.o
                0x080005dc                GPIO_ReadOutputDataBit
 .text.GPIO_WriteBit
                0x080005e8        0xc ..\obj\stm32f10x_gpio.o
                0x080005e8                GPIO_WriteBit
 .text.GPIO_PinRemapConfig
                0x080005f4       0x70 ..\obj\stm32f10x_gpio.o
                0x080005f4                GPIO_PinRemapConfig
 .text.GpsTask  0x08000664       0x28 ..\obj\main.o
                0x08000664                GpsTask
 .text.NVIC_SystemReset
                0x0800068c       0x20 ..\obj\main.o
                0x0800068c                NVIC_SystemReset
 .text.prvGetRegistersFromStack
                0x080006ac       0x28 ..\obj\main.o
                0x080006ac                prvGetRegistersFromStack
 .text.HardFault_Handler
                0x080006d4       0x1c ..\obj\main.o
                0x080006d4                HardFault_Handler
 .text.startup.main
                0x080006f0       0x94 ..\obj\main.o
                0x080006f0                main
 .text.RCC_GetClocksFreq
                0x08000784       0x90 ..\obj\stm32f10x_rcc.o
                0x08000784                RCC_GetClocksFreq
 .text.RCC_APB2PeriphClockCmd
                0x08000814       0x18 ..\obj\stm32f10x_rcc.o
                0x08000814                RCC_APB2PeriphClockCmd
 .text.RCC_APB1PeriphClockCmd
                0x0800082c       0x18 ..\obj\stm32f10x_rcc.o
                0x0800082c                RCC_APB1PeriphClockCmd
 .text.InitPin  0x08000844       0x8c ..\obj\gpio.o
                0x08000844                InitPin
 .text.TogglePinState
                0x080008d0       0x58 ..\obj\gpio.o
                0x080008d0                TogglePinState
 .text.prvIdleTask
                0x08000928        0x4 ..\obj\tasks.o
 .text.xTaskCreate
                0x0800092c      0x210 ..\obj\tasks.o
                0x0800092c                xTaskCreate
 .text.vTaskStartScheduler
                0x08000b3c      0x168 ..\obj\tasks.o
                0x08000b3c                vTaskStartScheduler
 .text.vTaskSuspendAll
                0x08000ca4       0x14 ..\obj\tasks.o
                0x08000ca4                vTaskSuspendAll
 .text.xTaskIncrementTick
                0x08000cb8       0xf8 ..\obj\tasks.o
                0x08000cb8                xTaskIncrementTick
 .text.xTaskResumeAll
                0x08000db0       0xec ..\obj\tasks.o
                0x08000db0                xTaskResumeAll
 .text.vTaskDelay
                0x08000e9c       0x78 ..\obj\tasks.o
                0x08000e9c                vTaskDelay
 .text.vTaskSwitchContext
                0x08000f14       0x48 ..\obj\tasks.o
                0x08000f14                vTaskSwitchContext
 .text.xTaskRemoveFromEventList
                0x08000f5c       0x64 ..\obj\tasks.o
                0x08000f5c                xTaskRemoveFromEventList
 .text.ADC_Cmd  0x08000fc0       0x14 ..\obj\stm32f10x_adc.o
                0x08000fc0                ADC_Cmd
 .text.ADC_SoftwareStartConvCmd
                0x08000fd4       0x14 ..\obj\stm32f10x_adc.o
                0x08000fd4                ADC_SoftwareStartConvCmd
 .text.ADC_GetConversionValue
                0x08000fe8        0x8 ..\obj\stm32f10x_adc.o
                0x08000fe8                ADC_GetConversionValue
 .text.ADC_GetITStatus
                0x08000ff0       0x18 ..\obj\stm32f10x_adc.o
                0x08000ff0                ADC_GetITStatus
 .text.ADC_ClearITPendingBit
                0x08001008        0x8 ..\obj\stm32f10x_adc.o
                0x08001008                ADC_ClearITPendingBit
 .text.USART_Init
                0x08001010       0xb8 ..\obj\stm32f10x_usart.o
                0x08001010                USART_Init
 .text.USART_Cmd
                0x080010c8       0x1c ..\obj\stm32f10x_usart.o
                0x080010c8                USART_Cmd
 .text.USART_ITConfig
                0x080010e4       0x34 ..\obj\stm32f10x_usart.o
                0x080010e4                USART_ITConfig
 .text.USART_SendData
                0x08001118        0x8 ..\obj\stm32f10x_usart.o
                0x08001118                USART_SendData
 .text.USART_ReceiveData
                0x08001120        0x8 ..\obj\stm32f10x_usart.o
                0x08001120                USART_ReceiveData
 .text.USART_GetFlagStatus
                0x08001128        0xc ..\obj\stm32f10x_usart.o
                0x08001128                USART_GetFlagStatus
 .text.USART_GetITStatus
                0x08001134       0x44 ..\obj\stm32f10x_usart.o
                0x08001134                USART_GetITStatus
 .text.USART_ClearITPendingBit
                0x08001178       0x10 ..\obj\stm32f10x_usart.o
                0x08001178                USART_ClearITPendingBit
 .text.vListInitialise
                0x08001188       0x18 ..\obj\list.o
                0x08001188                vListInitialise
 .text.vListInitialiseItem
                0x080011a0        0x8 ..\obj\list.o
                0x080011a0                vListInitialiseItem
 .text.vListInsertEnd
                0x080011a8       0x1c ..\obj\list.o
                0x080011a8                vListInsertEnd
 .text.vListInsert
                0x080011c4       0x30 ..\obj\list.o
                0x080011c4                vListInsert
 .text.uxListRemove
                0x080011f4       0x24 ..\obj\list.o
                0x080011f4                uxListRemove
 .text.EXTI0_IRQHandler
                0x08001218       0x50 ..\obj\exti.o
                0x08001218                EXTI0_IRQHandler
 .text.EXTI1_IRQHandler
                0x08001268       0x54 ..\obj\exti.o
                0x08001268                EXTI1_IRQHandler
 .text.EXTI2_IRQHandler
                0x080012bc       0x54 ..\obj\exti.o
                0x080012bc                EXTI2_IRQHandler
 .text.EXTI3_IRQHandler
                0x08001310       0x54 ..\obj\exti.o
                0x08001310                EXTI3_IRQHandler
 .text.EXTI4_IRQHandler
                0x08001364       0x54 ..\obj\exti.o
                0x08001364                EXTI4_IRQHandler
 .text.EXTI9_5_IRQHandler
                0x080013b8       0xbc ..\obj\exti.o
                0x080013b8                EXTI9_5_IRQHandler
 .text.EXTI15_10_IRQHandler
                0x08001474       0xe4 ..\obj\exti.o
                0x08001474                EXTI15_10_IRQHandler
 .text.ADC1_2_IRQHandler
                0x08001558       0x84 ..\obj\adc.o
                0x08001558                ADC1_2_IRQHandler
 .text.xQueueGenericCreate
                0x080015dc       0x74 ..\obj\queue.o
                0x080015dc                xQueueGenericCreate
 .text.xQueueGenericSendFromISR
                0x08001650       0xfc ..\obj\queue.o
                0x08001650                xQueueGenericSendFromISR
 .text.xQueueGiveFromISR
                0x0800174c       0x78 ..\obj\queue.o
                0x0800174c                xQueueGiveFromISR
 .text.prvTaskExitError
                0x080017c4       0x14 ..\obj\port.o
 .text.prvPortStartFirstTask
                0x080017d8       0x20 ..\obj\port.o
 .text.pxPortInitialiseStack
                0x080017f8       0x24 ..\obj\port.o
                0x080017f8                pxPortInitialiseStack
 *fill*         0x0800181c        0x4 
 .text.SVC_Handler
                0x08001820       0x28 ..\obj\port.o
                0x08001820                SVC_Handler
 .text.vPortEnterCritical
                0x08001848       0x20 ..\obj\port.o
                0x08001848                vPortEnterCritical
 .text.vPortExitCritical
                0x08001868       0x14 ..\obj\port.o
                0x08001868                vPortExitCritical
 *fill*         0x0800187c        0x4 
 .text.PendSV_Handler
                0x08001880       0x48 ..\obj\port.o
                0x08001880                PendSV_Handler
 .text.SysTick_Handler
                0x080018c8       0x2c ..\obj\port.o
                0x080018c8                SysTick_Handler
 .text.vPortSetupTimerInterrupt
                0x080018f4       0x14 ..\obj\port.o
                0x080018f4                vPortSetupTimerInterrupt
 .text.xPortStartScheduler
                0x08001908       0x34 ..\obj\port.o
                0x08001908                xPortStartScheduler
 .text.pvPortMalloc
                0x0800193c       0x50 ..\obj\heap_1.o
                0x0800193c                pvPortMalloc
 .text.vPortFree
                0x0800198c        0x4 ..\obj\heap_1.o
                0x0800198c                vPortFree
 .text.ConfigUsartGpio
                0x08001990       0xb8 ..\obj\usart.o
                0x08001990                ConfigUsartGpio
 .text.InitUsart
                0x08001a48      0x12c ..\obj\usart.o
                0x08001a48                InitUsart
 .text.UsartSendString
                0x08001b74       0x58 ..\obj\usart.o
                0x08001b74                UsartSendString
 .text.USART1_IRQHandler
                0x08001bcc       0x64 ..\obj\usart.o
                0x08001bcc                USART1_IRQHandler
 .text.USART2_IRQHandler
                0x08001c30       0x64 ..\obj\usart.o
                0x08001c30                USART2_IRQHandler
 .text          0x08001c94       0xec c:/program files (x86)/gnu arm embedded toolchain/10 2021.07/bin/../lib/gcc/arm-none-eabi/10.3.1/../../../../arm-none-eabi/lib/thumb/v7-m/nofp\libg.a(lib_a-memcpy.o)
                0x08001c94                memcpy
 *(.init)
 *(.fini)
 *crtbegin.o(.ctors)
 *crtbegin?.o(.ctors)
 *(EXCLUDE_FILE(*crtend.o *crtend?.o) .ctors)
 *(SORT_BY_NAME(.ctors.*))
 *(.ctors)
 *crtbegin.o(.dtors)
 *crtbegin?.o(.dtors)
 *(EXCLUDE_FILE(*crtend.o *crtend?.o) .dtors)
 *(SORT_BY_NAME(.dtors.*))
 *(.dtors)
 *(.rodata*)
 .rodata.str1.4
                0x08001d80       0x2b ..\obj\main.o
                                 0x2f (size before relaxing)
 *fill*         0x08001dab        0x1 
 .rodata        0x08001dac       0x3c ..\obj\gpio.o
 .rodata        0x08001de8       0x30 ..\obj\usart.o
 *(.eh_fram e*)

.glue_7         0x08001e18        0x0
 .glue_7        0x08001e18        0x0 linker stubs

.glue_7t        0x08001e18        0x0
 .glue_7t       0x08001e18        0x0 linker stubs

.vfp11_veneer   0x08001e18        0x0
 .vfp11_veneer  0x08001e18        0x0 linker stubs

.v4_bx          0x08001e18        0x0
 .v4_bx         0x08001e18        0x0 linker stubs

.iplt           0x08001e18        0x0
 .iplt          0x08001e18        0x0 ..\obj\system_stm32f10x.o

.rel.dyn        0x08001e18        0x0
 .rel.iplt      0x08001e18        0x0 ..\obj\system_stm32f10x.o

.ARM.extab
 *(.ARM.extab* .gnu.linkonce.armextab.*)
                0x08001e18                __exidx_start = .

.ARM.exidx
 *(.ARM.exidx* .gnu.linkonce.armexidx.*)
                0x08001e18                __exidx_end = .
                0x08001e18                __etext = .
                0x08001e18                _sidata = __etext

.data           0x20000000       0x2c load address 0x08001e18
                0x20000000                __data_start__ = .
                0x20000000                _sdata = __data_start__
 *(vtable)
 *(.data*)
 .data          0x20000000       0x14 ..\obj\system_stm32f10x.o
                0x20000000                AHBPrescTable
                0x20000010                SystemCoreClock
 .data          0x20000014       0x14 ..\obj\stm32f10x_rcc.o
 .data          0x20000028        0x4 ..\obj\port.o
                0x2000002c                . = ALIGN (0x4)
                [!provide]                PROVIDE (__preinit_array_start = .)
 *(.preinit_array)
                [!provide]                PROVIDE (__preinit_array_end = .)
                0x2000002c                . = ALIGN (0x4)
                [!provide]                PROVIDE (__init_array_start = .)
 *(SORT_BY_NAME(.init_array.*))
 *(.init_array)
                [!provide]                PROVIDE (__init_array_end = .)
                0x2000002c                . = ALIGN (0x4)
                [!provide]                PROVIDE (__fini_array_start = .)
 *(SORT_BY_NAME(.fini_array.*))
 *(.fini_array)
                [!provide]                PROVIDE (__fini_array_end = .)
 *(.jcr*)
                0x2000002c                . = ALIGN (0x4)
                0x2000002c                __data_end__ = .
                0x2000002c                _edata = __data_end__

.igot.plt       0x2000002c        0x0 load address 0x08001e44
 .igot.plt      0x2000002c        0x0 ..\obj\system_stm32f10x.o

.bss            0x2000002c     0x42e4 load address 0x08001e44
                0x2000002c                . = ALIGN (0x4)
                0x2000002c                __bss_start__ = .
                0x2000002c                _sbss = __bss_start__
 *(.bss*)
 .bss           0x2000002c       0x54 ..\obj\main.o
                0x2000002c                pin
                0x20000030                port
                0x20000034                r0
                0x20000038                r1
                0x2000003c                r2
                0x20000040                r3
                0x20000044                r12
                0x20000048                lr
                0x2000004c                pc
                0x20000050                psr
                0x20000054                sens_buf
                0x20000074                usart_lock
                0x20000078                gps_port
                0x2000007c                sens_ind
                0x2000007e                channel
                0x2000007f                adc_flag
 .bss           0x20000080       0x5e ..\obj\gpio.o
                0x20000080                list_indexer
                0x20000084                pin_list
 *fill*         0x200000de        0x2 
 .bss           0x200000e0       0xd8 ..\obj\tasks.o
                0x200000e4                pxCurrentTCB
 .bss           0x200001b8       0x50 ..\obj\exti.o
 .bss           0x20000208       0x90 ..\obj\adc.o
                0x20000208                adc_man
 .bss           0x20000298     0x4008 ..\obj\heap_1.o
 .bss           0x200042a0       0x70 ..\obj\usart.o
 *(COMMON)
                0x20004310                . = ALIGN (0x4)
                0x20004310                __bss_end__ = .
                0x20004310                _ebss = __bss_end__

.heap           0x20004310        0x0
                0x20004310                __end__ = .
                0x20004310                _end = __end__
                0x20004310                end = __end__
 *(.heap*)
                0x20004310                __HeapLimit = .

.co_stack       0x20004310      0x400 load address 0x08006128
                0x20004310                . = ALIGN (0x8)
 *(.co_stack .co_stack.*)
 .co_stack      0x20004310      0x400 ..\obj\startup_stm32f10x_md.o
                0x20004310                pulStack
                0x20005000                __StackTop = (ORIGIN (ram) + LENGTH (ram))
                0x20004c00                __StackLimit = (__StackTop - SIZEOF (.co_stack))
                [!provide]                PROVIDE (__stack = __StackTop)
                0x00000001                ASSERT ((__StackLimit >= __HeapLimit), region ram  overflowed with stack)
LOAD ..\obj\stm32f10x_rtc.o
LOAD ..\obj\w26.o
LOAD ..\obj\stm32f10x_tim.o
LOAD ..\obj\stm32f10x_dbgmcu.o
LOAD ..\obj\system_stm32f10x.o
LOAD ..\obj\led.o
LOAD ..\obj\stm32f10x_pwr.o
LOAD ..\obj\startup_stm32f10x_md.o
LOAD ..\obj\stm32f10x_gpio.o
LOAD ..\obj\main.o
LOAD ..\obj\timers.o
LOAD ..\obj\stm32f10x_crc.o
LOAD ..\obj\stm32f10x_rcc.o
LOAD ..\obj\gpio.o
LOAD ..\obj\tasks.o
LOAD ..\obj\stm32f10x_adc.o
LOAD ..\obj\stm32f10x_usart.o
LOAD ..\obj\list.o
LOAD ..\obj\exti.o
LOAD ..\obj\adc.o
LOAD ..\obj\queue.o
LOAD ..\obj\port.o
LOAD ..\obj\debug.o
LOAD ..\obj\stm32f10x_dma.o
LOAD ..\obj\croutine.o
LOAD ..\obj\event_groups.o
LOAD ..\obj\heap_1.o
LOAD ..\obj\stm32f10x_bkp.o
LOAD ..\obj\usart.o
LOAD ..\obj\stm32f10x_iwdg.o
START GROUP
LOAD c:/program files (x86)/gnu arm embedded toolchain/10 2021.07/bin/../lib/gcc/arm-none-eabi/10.3.1/thumb/v7-m/nofp\libgcc.a
LOAD c:/program files (x86)/gnu arm embedded toolchain/10 2021.07/bin/../lib/gcc/arm-none-eabi/10.3.1/../../../../arm-none-eabi/lib/thumb/v7-m/nofp\libg.a
LOAD c:/program files (x86)/gnu arm embedded toolchain/10 2021.07/bin/../lib/gcc/arm-none-eabi/10.3.1/../../../../arm-none-eabi/lib/thumb/v7-m/nofp\libc.a
END GROUP
OUTPUT(display.elf elf32-littlearm)
LOAD linker stubs

.debug_info     0x00000000     0xc937
 .debug_info    0x00000000      0x4ea ..\obj\system_stm32f10x.o
 .debug_info    0x000004ea      0x133 ..\obj\startup_stm32f10x_md.o
 .debug_info    0x0000061d      0x924 ..\obj\stm32f10x_gpio.o
 .debug_info    0x00000f41     0x1606 ..\obj\main.o
 .debug_info    0x00002547      0xa0c ..\obj\stm32f10x_rcc.o
 .debug_info    0x00002f53      0x9fc ..\obj\gpio.o
 .debug_info    0x0000394f     0x1cb7 ..\obj\tasks.o
 .debug_info    0x00005606      0xd5c ..\obj\stm32f10x_adc.o
 .debug_info    0x00006362      0xc0e ..\obj\stm32f10x_usart.o
 .debug_info    0x00006f70      0x2cf ..\obj\list.o
 .debug_info    0x0000723f     0x1279 ..\obj\exti.o
 .debug_info    0x000084b8     0x11b5 ..\obj\adc.o
 .debug_info    0x0000966d     0x18cc ..\obj\queue.o
 .debug_info    0x0000af39      0x32f ..\obj\port.o
 .debug_info    0x0000b268      0x1c9 ..\obj\heap_1.o
 .debug_info    0x0000b431     0x1506 ..\obj\usart.o

.debug_abbrev   0x00000000     0x28bb
 .debug_abbrev  0x00000000      0x1a8 ..\obj\system_stm32f10x.o
 .debug_abbrev  0x000001a8       0xee ..\obj\startup_stm32f10x_md.o
 .debug_abbrev  0x00000296      0x233 ..\obj\stm32f10x_gpio.o
 .debug_abbrev  0x000004c9      0x457 ..\obj\main.o
 .debug_abbrev  0x00000920      0x27f ..\obj\stm32f10x_rcc.o
 .debug_abbrev  0x00000b9f      0x2a6 ..\obj\gpio.o
 .debug_abbrev  0x00000e45      0x436 ..\obj\tasks.o
 .debug_abbrev  0x0000127b      0x20d ..\obj\stm32f10x_adc.o
 .debug_abbrev  0x00001488      0x1fa ..\obj\stm32f10x_usart.o
 .debug_abbrev  0x00001682      0x110 ..\obj\list.o
 .debug_abbrev  0x00001792      0x357 ..\obj\exti.o
 .debug_abbrev  0x00001ae9      0x383 ..\obj\adc.o
 .debug_abbrev  0x00001e6c      0x2d2 ..\obj\queue.o
 .debug_abbrev  0x0000213e      0x223 ..\obj\port.o
 .debug_abbrev  0x00002361      0x133 ..\obj\heap_1.o
 .debug_abbrev  0x00002494      0x427 ..\obj\usart.o

.debug_loc      0x00000000     0x8d49
 .debug_loc     0x00000000       0xd6 ..\obj\system_stm32f10x.o
 .debug_loc     0x000000d6     0x1542 ..\obj\stm32f10x_gpio.o
 .debug_loc     0x00001618      0xe04 ..\obj\main.o
 .debug_loc     0x0000241c      0x6fb ..\obj\stm32f10x_rcc.o
 .debug_loc     0x00002b17      0x68b ..\obj\gpio.o
 .debug_loc     0x000031a2     0x1668 ..\obj\tasks.o
 .debug_loc     0x0000480a      0xa74 ..\obj\stm32f10x_adc.o
 .debug_loc     0x0000527e      0x88d ..\obj\stm32f10x_usart.o
 .debug_loc     0x00005b0b       0xa4 ..\obj\list.o
 .debug_loc     0x00005baf      0x94e ..\obj\exti.o
 .debug_loc     0x000064fd      0x47f ..\obj\adc.o
 .debug_loc     0x0000697c     0x160f ..\obj\queue.o
 .debug_loc     0x00007f8b       0xaf ..\obj\port.o
 .debug_loc     0x0000803a       0xc0 ..\obj\heap_1.o
 .debug_loc     0x000080fa      0xc4f ..\obj\usart.o

.debug_aranges  0x00000000      0x8c0
 .debug_aranges
                0x00000000       0x28 ..\obj\system_stm32f10x.o
 .debug_aranges
                0x00000028       0x28 ..\obj\startup_stm32f10x_md.o
 .debug_aranges
                0x00000050       0xa8 ..\obj\stm32f10x_gpio.o
 .debug_aranges
                0x000000f8       0x70 ..\obj\main.o
 .debug_aranges
                0x00000168      0x118 ..\obj\stm32f10x_rcc.o
 .debug_aranges
                0x00000280       0x58 ..\obj\gpio.o
 .debug_aranges
                0x000002d8       0xf0 ..\obj\tasks.o
 .debug_aranges
                0x000003c8      0x138 ..\obj\stm32f10x_adc.o
 .debug_aranges
                0x00000500      0x100 ..\obj\stm32f10x_usart.o
 .debug_aranges
                0x00000600       0x40 ..\obj\list.o
 .debug_aranges
                0x00000640       0x78 ..\obj\exti.o
 .debug_aranges
                0x000006b8       0x50 ..\obj\adc.o
 .debug_aranges
                0x00000708       0x88 ..\obj\queue.o
 .debug_aranges
                0x00000790       0x70 ..\obj\port.o
 .debug_aranges
                0x00000800       0x38 ..\obj\heap_1.o
 .debug_aranges
                0x00000838       0x88 ..\obj\usart.o

.debug_ranges   0x00000000     0x1238
 .debug_ranges  0x00000000       0x60 ..\obj\system_stm32f10x.o
 .debug_ranges  0x00000060       0x18 ..\obj\startup_stm32f10x_md.o
 .debug_ranges  0x00000078       0x98 ..\obj\stm32f10x_gpio.o
 .debug_ranges  0x00000110       0xc8 ..\obj\main.o
 .debug_ranges  0x000001d8      0x128 ..\obj\stm32f10x_rcc.o
 .debug_ranges  0x00000300      0x128 ..\obj\gpio.o
 .debug_ranges  0x00000428      0x348 ..\obj\tasks.o
 .debug_ranges  0x00000770      0x128 ..\obj\stm32f10x_adc.o
 .debug_ranges  0x00000898       0xf0 ..\obj\stm32f10x_usart.o
 .debug_ranges  0x00000988       0x30 ..\obj\list.o
 .debug_ranges  0x000009b8      0x1b8 ..\obj\exti.o
 .debug_ranges  0x00000b70       0xc8 ..\obj\adc.o
 .debug_ranges  0x00000c38      0x348 ..\obj\queue.o
 .debug_ranges  0x00000f80       0x78 ..\obj\port.o
 .debug_ranges  0x00000ff8       0x28 ..\obj\heap_1.o
 .debug_ranges  0x00001020      0x218 ..\obj\usart.o

.debug_line     0x00000000     0x9b78
 .debug_line    0x00000000      0x3c6 ..\obj\system_stm32f10x.o
 .debug_line    0x000003c6       0xf1 ..\obj\startup_stm32f10x_md.o
 .debug_line    0x000004b7      0xfc7 ..\obj\stm32f10x_gpio.o
 .debug_line    0x0000147e      0xf7a ..\obj\main.o
 .debug_line    0x000023f8      0x9be ..\obj\stm32f10x_rcc.o
 .debug_line    0x00002db6      0x521 ..\obj\gpio.o
 .debug_line    0x000032d7     0x17aa ..\obj\tasks.o
 .debug_line    0x00004a81      0xaf0 ..\obj\stm32f10x_adc.o
 .debug_line    0x00005571      0x932 ..\obj\stm32f10x_usart.o
 .debug_line    0x00005ea3      0x3ce ..\obj\list.o
 .debug_line    0x00006271      0xc19 ..\obj\exti.o
 .debug_line    0x00006e8a      0x784 ..\obj\adc.o
 .debug_line    0x0000760e     0x141d ..\obj\queue.o
 .debug_line    0x00008a2b      0x408 ..\obj\port.o
 .debug_line    0x00008e33      0x305 ..\obj\heap_1.o
 .debug_line    0x00009138      0xa40 ..\obj\usart.o

.debug_str      0x00000000     0x34e6
 .debug_str     0x00000000      0x2c6 ..\obj\system_stm32f10x.o
                                0x32d (size before relaxing)
 .debug_str     0x000002c6       0xdd ..\obj\startup_stm32f10x_md.o
                                0x1d1 (size before relaxing)
 .debug_str     0x000003a3      0x3e3 ..\obj\stm32f10x_gpio.o
                                0x56e (size before relaxing)
 .debug_str     0x00000786      0x474 ..\obj\main.o
                                0x7de (size before relaxing)
 .debug_str     0x00000bfa      0x3a3 ..\obj\stm32f10x_rcc.o
                                0x658 (size before relaxing)
 .debug_str     0x00000f9d      0x125 ..\obj\gpio.o
                                0x579 (size before relaxing)
 .debug_str     0x000010c2      0x9b2 ..\obj\tasks.o
                                0xbb4 (size before relaxing)
 .debug_str     0x00001a74      0x550 ..\obj\stm32f10x_adc.o
                                0x750 (size before relaxing)
 .debug_str     0x00001fc4      0x47b ..\obj\stm32f10x_usart.o
                                0x70e (size before relaxing)
 .debug_str     0x0000243f       0x94 ..\obj\list.o
                                0x2f7 (size before relaxing)
 .debug_str     0x000024d3      0x6ea ..\obj\exti.o
                                0xad1 (size before relaxing)
 .debug_str     0x00002bbd      0x2a0 ..\obj\adc.o
                                0xb67 (size before relaxing)
 .debug_str     0x00002e5d      0x318 ..\obj\queue.o
                                0x78f (size before relaxing)
 .debug_str     0x00003175       0xe5 ..\obj\port.o
                                0x35a (size before relaxing)
 .debug_str     0x0000325a       0xc3 ..\obj\heap_1.o
                                0x27e (size before relaxing)
 .debug_str     0x0000331d      0x1c9 ..\obj\usart.o
                                0xa92 (size before relaxing)

.comment        0x00000000       0x49
 .comment       0x00000000       0x49 ..\obj\system_stm32f10x.o
                                 0x4a (size before relaxing)
 .comment       0x00000049       0x4a ..\obj\startup_stm32f10x_md.o
 .comment       0x00000049       0x4a ..\obj\stm32f10x_gpio.o
 .comment       0x00000049       0x4a ..\obj\main.o
 .comment       0x00000049       0x4a ..\obj\stm32f10x_rcc.o
 .comment       0x00000049       0x4a ..\obj\gpio.o
 .comment       0x00000049       0x4a ..\obj\tasks.o
 .comment       0x00000049       0x4a ..\obj\stm32f10x_adc.o
 .comment       0x00000049       0x4a ..\obj\stm32f10x_usart.o
 .comment       0x00000049       0x4a ..\obj\list.o
 .comment       0x00000049       0x4a ..\obj\exti.o
 .comment       0x00000049       0x4a ..\obj\adc.o
 .comment       0x00000049       0x4a ..\obj\queue.o
 .comment       0x00000049       0x4a ..\obj\port.o
 .comment       0x00000049       0x4a ..\obj\heap_1.o
 .comment       0x00000049       0x4a ..\obj\usart.o

.ARM.attributes
                0x00000000       0x2b
 .ARM.attributes
                0x00000000       0x2d ..\obj\system_stm32f10x.o
 .ARM.attributes
                0x0000002d       0x2d ..\obj\startup_stm32f10x_md.o
 .ARM.attributes
                0x0000005a       0x2d ..\obj\stm32f10x_gpio.o
 .ARM.attributes
                0x00000087       0x2d ..\obj\main.o
 .ARM.attributes
                0x000000b4       0x2d ..\obj\stm32f10x_rcc.o
 .ARM.attributes
                0x000000e1       0x2d ..\obj\gpio.o
 .ARM.attributes
                0x0000010e       0x2d ..\obj\tasks.o
 .ARM.attributes
                0x0000013b       0x2d ..\obj\stm32f10x_adc.o
 .ARM.attributes
                0x00000168       0x2d ..\obj\stm32f10x_usart.o
 .ARM.attributes
                0x00000195       0x2d ..\obj\list.o
 .ARM.attributes
                0x000001c2       0x2d ..\obj\exti.o
 .ARM.attributes
                0x000001ef       0x2d ..\obj\adc.o
 .ARM.attributes
                0x0000021c       0x2d ..\obj\queue.o
 .ARM.attributes
                0x00000249       0x2d ..\obj\port.o
 .ARM.attributes
                0x00000276       0x2d ..\obj\heap_1.o
 .ARM.attributes
                0x000002a3       0x2d ..\obj\usart.o
 .ARM.attributes
                0x000002d0       0x1b c:/program files (x86)/gnu arm embedded toolchain/10 2021.07/bin/../lib/gcc/arm-none-eabi/10.3.1/../../../../arm-none-eabi/lib/thumb/v7-m/nofp\libg.a(lib_a-memcpy.o)

.debug_frame    0x00000000     0x153c
 .debug_frame   0x00000000       0x44 ..\obj\system_stm32f10x.o
 .debug_frame   0x00000044       0x3c ..\obj\startup_stm32f10x_md.o
 .debug_frame   0x00000080      0x18c ..\obj\stm32f10x_gpio.o
 .debug_frame   0x0000020c      0x11c ..\obj\main.o
 .debug_frame   0x00000328      0x224 ..\obj\stm32f10x_rcc.o
 .debug_frame   0x0000054c       0xc8 ..\obj\gpio.o
 .debug_frame   0x00000614      0x318 ..\obj\tasks.o
 .debug_frame   0x0000092c      0x2a0 ..\obj\stm32f10x_adc.o
 .debug_frame   0x00000bcc      0x224 ..\obj\stm32f10x_usart.o
 .debug_frame   0x00000df0       0x88 ..\obj\list.o
 .debug_frame   0x00000e78      0x18c ..\obj\exti.o
 .debug_frame   0x00001004       0xe4 ..\obj\adc.o
 .debug_frame   0x000010e8      0x1b4 ..\obj\queue.o
 .debug_frame   0x0000129c       0xdc ..\obj\port.o
 .debug_frame   0x00001378       0x5c ..\obj\heap_1.o
 .debug_frame   0x000013d4      0x168 ..\obj\usart.o
