Archive member included to satisfy reference by file (symbol)

c:/program files (x86)/gnu arm embedded toolchain/10 2021.07/bin/../lib/gcc/arm-none-eabi/10.3.1/../../../../arm-none-eabi/lib/thumb/v7-m/nofp\libg.a(lib_a-memcpy.o)
                              ..\obj\startup_stm32f10x_md.o (memcpy)
c:/program files (x86)/gnu arm embedded toolchain/10 2021.07/bin/../lib/gcc/arm-none-eabi/10.3.1/../../../../arm-none-eabi/lib/thumb/v7-m/nofp\libg.a(lib_a-memset.o)
                              ..\obj\adc.o (memset)
c:/program files (x86)/gnu arm embedded toolchain/10 2021.07/bin/../lib/gcc/arm-none-eabi/10.3.1/../../../../arm-none-eabi/lib/thumb/v7-m/nofp\libg.a(lib_a-stpcpy.o)
                              ..\obj\debug.o (stpcpy)
c:/program files (x86)/gnu arm embedded toolchain/10 2021.07/bin/../lib/gcc/arm-none-eabi/10.3.1/../../../../arm-none-eabi/lib/thumb/v7-m/nofp\libg.a(lib_a-strcmp.o)
                              ..\obj\debug.o (strcmp)
c:/program files (x86)/gnu arm embedded toolchain/10 2021.07/bin/../lib/gcc/arm-none-eabi/10.3.1/../../../../arm-none-eabi/lib/thumb/v7-m/nofp\libg.a(lib_a-strcpy.o)
                              ..\obj\debug.o (strcpy)
c:/program files (x86)/gnu arm embedded toolchain/10 2021.07/bin/../lib/gcc/arm-none-eabi/10.3.1/../../../../arm-none-eabi/lib/thumb/v7-m/nofp\libg.a(lib_a-strlen-stub.o)
                              ..\obj\debug.o (strlen)

Discarded input sections

 .text          0x00000000        0x0 ..\obj\stm32f10x_rtc.o
 .data          0x00000000        0x0 ..\obj\stm32f10x_rtc.o
 .bss           0x00000000        0x0 ..\obj\stm32f10x_rtc.o
 .text.RTC_ITConfig
                0x00000000       0x1c ..\obj\stm32f10x_rtc.o
 .text.RTC_EnterConfigMode
                0x00000000       0x14 ..\obj\stm32f10x_rtc.o
 .text.RTC_ExitConfigMode
                0x00000000       0x14 ..\obj\stm32f10x_rtc.o
 .text.RTC_GetCounter
                0x00000000       0x14 ..\obj\stm32f10x_rtc.o
 .text.RTC_SetCounter
                0x00000000       0x28 ..\obj\stm32f10x_rtc.o
 .text.RTC_SetPrescaler
                0x00000000       0x28 ..\obj\stm32f10x_rtc.o
 .text.RTC_SetAlarm
                0x00000000       0x28 ..\obj\stm32f10x_rtc.o
 .text.RTC_GetDivider
                0x00000000       0x18 ..\obj\stm32f10x_rtc.o
 .text.RTC_WaitForLastTask
                0x00000000       0x10 ..\obj\stm32f10x_rtc.o
 .text.RTC_WaitForSynchro
                0x00000000       0x1c ..\obj\stm32f10x_rtc.o
 .text.RTC_GetFlagStatus
                0x00000000       0x14 ..\obj\stm32f10x_rtc.o
 .text.RTC_ClearFlag
                0x00000000       0x14 ..\obj\stm32f10x_rtc.o
 .text.RTC_GetITStatus
                0x00000000       0x20 ..\obj\stm32f10x_rtc.o
 .text.RTC_ClearITPendingBit
                0x00000000       0x14 ..\obj\stm32f10x_rtc.o
 .debug_info    0x00000000      0x509 ..\obj\stm32f10x_rtc.o
 .debug_abbrev  0x00000000      0x215 ..\obj\stm32f10x_rtc.o
 .debug_loc     0x00000000      0x1e2 ..\obj\stm32f10x_rtc.o
 .debug_aranges
                0x00000000       0x80 ..\obj\stm32f10x_rtc.o
 .debug_ranges  0x00000000       0x70 ..\obj\stm32f10x_rtc.o
 .debug_line    0x00000000      0x405 ..\obj\stm32f10x_rtc.o
 .debug_str     0x00000000      0x390 ..\obj\stm32f10x_rtc.o
 .comment       0x00000000       0x4a ..\obj\stm32f10x_rtc.o
 .debug_frame   0x00000000       0xf0 ..\obj\stm32f10x_rtc.o
 .ARM.attributes
                0x00000000       0x2d ..\obj\stm32f10x_rtc.o
 .text          0x00000000        0x0 ..\obj\w26.o
 .data          0x00000000        0x0 ..\obj\w26.o
 .text.GetCardId
                0x00000000       0x30 ..\obj\w26.o
 .text.translateEnterEscapeKeyPress
                0x00000000       0x10 ..\obj\w26.o
 .text.getCode  0x00000000        0x4 ..\obj\w26.o
 .text.getWiegandType
                0x00000000        0x8 ..\obj\w26.o
 .text.wig_available
                0x00000000       0xe4 ..\obj\w26.o
 .text          0x00000000        0x0 ..\obj\stm32f10x_tim.o
 .data          0x00000000        0x0 ..\obj\stm32f10x_tim.o
 .bss           0x00000000        0x0 ..\obj\stm32f10x_tim.o
 .text.TIM_DeInit
                0x00000000      0x234 ..\obj\stm32f10x_tim.o
 .text.TIM_TimeBaseInit
                0x00000000       0xac ..\obj\stm32f10x_tim.o
 .text.TIM_OC1Init
                0x00000000       0x9c ..\obj\stm32f10x_tim.o
 .text.TIM_OC2Init
                0x00000000       0x90 ..\obj\stm32f10x_tim.o
 .text.TIM_OC3Init
                0x00000000       0x90 ..\obj\stm32f10x_tim.o
 .text.TIM_OC4Init
                0x00000000       0x78 ..\obj\stm32f10x_tim.o
 .text.TIM_ICInit
                0x00000000      0x268 ..\obj\stm32f10x_tim.o
 .text.TIM_PWMIConfig
                0x00000000      0x254 ..\obj\stm32f10x_tim.o
 .text.TIM_BDTRConfig
                0x00000000       0x30 ..\obj\stm32f10x_tim.o
 .text.TIM_TimeBaseStructInit
                0x00000000       0x10 ..\obj\stm32f10x_tim.o
 .text.TIM_OCStructInit
                0x00000000        0xc ..\obj\stm32f10x_tim.o
 .text.TIM_ICStructInit
                0x00000000        0xc ..\obj\stm32f10x_tim.o
 .text.TIM_BDTRStructInit
                0x00000000        0xc ..\obj\stm32f10x_tim.o
 .text.TIM_Cmd  0x00000000       0x1c ..\obj\stm32f10x_tim.o
 .text.TIM_CtrlPWMOutputs
                0x00000000       0x20 ..\obj\stm32f10x_tim.o
 .text.TIM_ITConfig
                0x00000000       0x14 ..\obj\stm32f10x_tim.o
 .text.TIM_GenerateEvent
                0x00000000        0x4 ..\obj\stm32f10x_tim.o
 .text.TIM_DMAConfig
                0x00000000        0x8 ..\obj\stm32f10x_tim.o
 .text.TIM_DMACmd
                0x00000000       0x14 ..\obj\stm32f10x_tim.o
 .text.TIM_InternalClockConfig
                0x00000000       0x10 ..\obj\stm32f10x_tim.o
 .text.TIM_ITRxExternalClockConfig
                0x00000000       0x1c ..\obj\stm32f10x_tim.o
 .text.TIM_TIxExternalClockConfig
                0x00000000      0x120 ..\obj\stm32f10x_tim.o
 .text.TIM_ETRClockMode1Config
                0x00000000       0x24 ..\obj\stm32f10x_tim.o
 .text.TIM_ETRClockMode2Config
                0x00000000       0x1c ..\obj\stm32f10x_tim.o
 .text.TIM_ETRConfig
                0x00000000       0x14 ..\obj\stm32f10x_tim.o
 .text.TIM_PrescalerConfig
                0x00000000        0x8 ..\obj\stm32f10x_tim.o
 .text.TIM_CounterModeConfig
                0x00000000       0x10 ..\obj\stm32f10x_tim.o
 .text.TIM_SelectInputTrigger
                0x00000000       0x10 ..\obj\stm32f10x_tim.o
 .text.TIM_EncoderInterfaceConfig
                0x00000000       0x50 ..\obj\stm32f10x_tim.o
 .text.TIM_ForcedOC1Config
                0x00000000       0x10 ..\obj\stm32f10x_tim.o
 .text.TIM_ForcedOC2Config
                0x00000000       0x14 ..\obj\stm32f10x_tim.o
 .text.TIM_ForcedOC3Config
                0x00000000       0x10 ..\obj\stm32f10x_tim.o
 .text.TIM_ForcedOC4Config
                0x00000000       0x14 ..\obj\stm32f10x_tim.o
 .text.TIM_ARRPreloadConfig
                0x00000000       0x1c ..\obj\stm32f10x_tim.o
 .text.TIM_SelectCOM
                0x00000000       0x1c ..\obj\stm32f10x_tim.o
 .text.TIM_SelectCCDMA
                0x00000000       0x1c ..\obj\stm32f10x_tim.o
 .text.TIM_CCPreloadControl
                0x00000000       0x1c ..\obj\stm32f10x_tim.o
 .text.TIM_OC1PreloadConfig
                0x00000000       0x10 ..\obj\stm32f10x_tim.o
 .text.TIM_OC2PreloadConfig
                0x00000000       0x14 ..\obj\stm32f10x_tim.o
 .text.TIM_OC3PreloadConfig
                0x00000000       0x10 ..\obj\stm32f10x_tim.o
 .text.TIM_OC4PreloadConfig
                0x00000000       0x14 ..\obj\stm32f10x_tim.o
 .text.TIM_OC1FastConfig
                0x00000000       0x10 ..\obj\stm32f10x_tim.o
 .text.TIM_OC2FastConfig
                0x00000000       0x14 ..\obj\stm32f10x_tim.o
 .text.TIM_OC3FastConfig
                0x00000000       0x10 ..\obj\stm32f10x_tim.o
 .text.TIM_OC4FastConfig
                0x00000000       0x14 ..\obj\stm32f10x_tim.o
 .text.TIM_ClearOC1Ref
                0x00000000       0x10 ..\obj\stm32f10x_tim.o
 .text.TIM_ClearOC2Ref
                0x00000000       0x10 ..\obj\stm32f10x_tim.o
 .text.TIM_ClearOC3Ref
                0x00000000       0x10 ..\obj\stm32f10x_tim.o
 .text.TIM_ClearOC4Ref
                0x00000000       0x10 ..\obj\stm32f10x_tim.o
 .text.TIM_OC1PolarityConfig
                0x00000000       0x10 ..\obj\stm32f10x_tim.o
 .text.TIM_OC1NPolarityConfig
                0x00000000       0x10 ..\obj\stm32f10x_tim.o
 .text.TIM_OC2PolarityConfig
                0x00000000       0x14 ..\obj\stm32f10x_tim.o
 .text.TIM_OC2NPolarityConfig
                0x00000000       0x14 ..\obj\stm32f10x_tim.o
 .text.TIM_OC3PolarityConfig
                0x00000000       0x14 ..\obj\stm32f10x_tim.o
 .text.TIM_OC3NPolarityConfig
                0x00000000       0x14 ..\obj\stm32f10x_tim.o
 .text.TIM_OC4PolarityConfig
                0x00000000       0x14 ..\obj\stm32f10x_tim.o
 .text.TIM_CCxCmd
                0x00000000       0x20 ..\obj\stm32f10x_tim.o
 .text.TIM_CCxNCmd
                0x00000000       0x20 ..\obj\stm32f10x_tim.o
 .text.TIM_SelectOCxM
                0x00000000       0x60 ..\obj\stm32f10x_tim.o
 .text.TIM_UpdateDisableConfig
                0x00000000       0x1c ..\obj\stm32f10x_tim.o
 .text.TIM_UpdateRequestConfig
                0x00000000       0x1c ..\obj\stm32f10x_tim.o
 .text.TIM_SelectHallSensor
                0x00000000       0x1c ..\obj\stm32f10x_tim.o
 .text.TIM_SelectOnePulseMode
                0x00000000       0x18 ..\obj\stm32f10x_tim.o
 .text.TIM_SelectOutputTrigger
                0x00000000       0x18 ..\obj\stm32f10x_tim.o
 .text.TIM_SelectSlaveMode
                0x00000000       0x18 ..\obj\stm32f10x_tim.o
 .text.TIM_SelectMasterSlaveMode
                0x00000000       0x18 ..\obj\stm32f10x_tim.o
 .text.TIM_SetCounter
                0x00000000        0x4 ..\obj\stm32f10x_tim.o
 .text.TIM_SetAutoreload
                0x00000000        0x4 ..\obj\stm32f10x_tim.o
 .text.TIM_SetCompare1
                0x00000000        0x4 ..\obj\stm32f10x_tim.o
 .text.TIM_SetCompare2
                0x00000000        0x4 ..\obj\stm32f10x_tim.o
 .text.TIM_SetCompare3
                0x00000000        0x4 ..\obj\stm32f10x_tim.o
 .text.TIM_SetCompare4
                0x00000000        0x8 ..\obj\stm32f10x_tim.o
 .text.TIM_SetIC1Prescaler
                0x00000000       0x18 ..\obj\stm32f10x_tim.o
 .text.TIM_SetIC2Prescaler
                0x00000000       0x1c ..\obj\stm32f10x_tim.o
 .text.TIM_SetIC3Prescaler
                0x00000000       0x18 ..\obj\stm32f10x_tim.o
 .text.TIM_SetIC4Prescaler
                0x00000000       0x1c ..\obj\stm32f10x_tim.o
 .text.TIM_SetClockDivision
                0x00000000       0x18 ..\obj\stm32f10x_tim.o
 .text.TIM_GetCapture1
                0x00000000        0x8 ..\obj\stm32f10x_tim.o
 .text.TIM_GetCapture2
                0x00000000        0x8 ..\obj\stm32f10x_tim.o
 .text.TIM_GetCapture3
                0x00000000        0x8 ..\obj\stm32f10x_tim.o
 .text.TIM_GetCapture4
                0x00000000        0x8 ..\obj\stm32f10x_tim.o
 .text.TIM_GetCounter
                0x00000000        0x8 ..\obj\stm32f10x_tim.o
 .text.TIM_GetPrescaler
                0x00000000        0x8 ..\obj\stm32f10x_tim.o
 .text.TIM_GetFlagStatus
                0x00000000        0xc ..\obj\stm32f10x_tim.o
 .text.TIM_ClearFlag
                0x00000000        0x8 ..\obj\stm32f10x_tim.o
 .text.TIM_GetITStatus
                0x00000000       0x18 ..\obj\stm32f10x_tim.o
 .text.TIM_ClearITPendingBit
                0x00000000        0x8 ..\obj\stm32f10x_tim.o
 .debug_info    0x00000000     0x29a5 ..\obj\stm32f10x_tim.o
 .debug_abbrev  0x00000000      0x2fe ..\obj\stm32f10x_tim.o
 .debug_loc     0x00000000     0x2219 ..\obj\stm32f10x_tim.o
 .debug_aranges
                0x00000000      0x2c0 ..\obj\stm32f10x_tim.o
 .debug_ranges  0x00000000      0x450 ..\obj\stm32f10x_tim.o
 .debug_line    0x00000000     0x1f53 ..\obj\stm32f10x_tim.o
 .debug_str     0x00000000      0xdf9 ..\obj\stm32f10x_tim.o
 .comment       0x00000000       0x4a ..\obj\stm32f10x_tim.o
 .debug_frame   0x00000000      0x67c ..\obj\stm32f10x_tim.o
 .ARM.attributes
                0x00000000       0x2d ..\obj\stm32f10x_tim.o
 .text          0x00000000        0x0 ..\obj\stm32f10x_dbgmcu.o
 .data          0x00000000        0x0 ..\obj\stm32f10x_dbgmcu.o
 .bss           0x00000000        0x0 ..\obj\stm32f10x_dbgmcu.o
 .text.DBGMCU_GetREVID
                0x00000000        0xc ..\obj\stm32f10x_dbgmcu.o
 .text.DBGMCU_GetDEVID
                0x00000000       0x10 ..\obj\stm32f10x_dbgmcu.o
 .text.DBGMCU_Config
                0x00000000       0x18 ..\obj\stm32f10x_dbgmcu.o
 .debug_info    0x00000000      0x14a ..\obj\stm32f10x_dbgmcu.o
 .debug_abbrev  0x00000000       0xf9 ..\obj\stm32f10x_dbgmcu.o
 .debug_loc     0x00000000       0x42 ..\obj\stm32f10x_dbgmcu.o
 .debug_aranges
                0x00000000       0x30 ..\obj\stm32f10x_dbgmcu.o
 .debug_ranges  0x00000000       0x20 ..\obj\stm32f10x_dbgmcu.o
 .debug_line    0x00000000      0x1bf ..\obj\stm32f10x_dbgmcu.o
 .debug_str     0x00000000      0x1e0 ..\obj\stm32f10x_dbgmcu.o
 .comment       0x00000000       0x4a ..\obj\stm32f10x_dbgmcu.o
 .debug_frame   0x00000000       0x40 ..\obj\stm32f10x_dbgmcu.o
 .ARM.attributes
                0x00000000       0x2d ..\obj\stm32f10x_dbgmcu.o
 .text          0x00000000        0x0 ..\obj\system_stm32f10x.o
 .bss           0x00000000        0x0 ..\obj\system_stm32f10x.o
 .text          0x00000000        0x0 ..\obj\led.o
 .data          0x00000000        0x0 ..\obj\led.o
 .bss           0x00000000        0x8 ..\obj\led.o
 .text.LedTask  0x00000000       0x98 ..\obj\led.o
 .rodata.str1.4
                0x00000000        0x9 ..\obj\led.o
 .text.LedSystemInit
                0x00000000       0x30 ..\obj\led.o
 .text.LedCreate
                0x00000000       0x4c ..\obj\led.o
 .text.LedDelete
                0x00000000        0x4 ..\obj\led.o
 .text.LedOn    0x00000000        0x8 ..\obj\led.o
 .text.LedOff   0x00000000        0x8 ..\obj\led.o
 .text.LedSchedule
                0x00000000       0x1c ..\obj\led.o
 .debug_info    0x00000000      0x5bb ..\obj\led.o
 .debug_abbrev  0x00000000      0x21d ..\obj\led.o
 .debug_loc     0x00000000      0x16e ..\obj\led.o
 .debug_aranges
                0x00000000       0x50 ..\obj\led.o
 .debug_ranges  0x00000000       0x60 ..\obj\led.o
 .debug_line    0x00000000      0x42f ..\obj\led.o
 .debug_str     0x00000000      0x37c ..\obj\led.o
 .comment       0x00000000       0x4a ..\obj\led.o
 .debug_frame   0x00000000       0xbc ..\obj\led.o
 .ARM.attributes
                0x00000000       0x2d ..\obj\led.o
 .text          0x00000000        0x0 ..\obj\stm32f10x_pwr.o
 .data          0x00000000        0x0 ..\obj\stm32f10x_pwr.o
 .bss           0x00000000        0x0 ..\obj\stm32f10x_pwr.o
 .text.PWR_DeInit
                0x00000000       0x1c ..\obj\stm32f10x_pwr.o
 .text.PWR_BackupAccessCmd
                0x00000000        0xc ..\obj\stm32f10x_pwr.o
 .text.PWR_PVDCmd
                0x00000000        0xc ..\obj\stm32f10x_pwr.o
 .text.PWR_PVDLevelConfig
                0x00000000       0x14 ..\obj\stm32f10x_pwr.o
 .text.PWR_WakeUpPinCmd
                0x00000000        0xc ..\obj\stm32f10x_pwr.o
 .text.PWR_EnterSTOPMode
                0x00000000       0x3c ..\obj\stm32f10x_pwr.o
 .text.PWR_EnterSTANDBYMode
                0x00000000       0x28 ..\obj\stm32f10x_pwr.o
 .text.PWR_GetFlagStatus
                0x00000000       0x14 ..\obj\stm32f10x_pwr.o
 .text.PWR_ClearFlag
                0x00000000       0x10 ..\obj\stm32f10x_pwr.o
 .debug_info    0x00000000      0x513 ..\obj\stm32f10x_pwr.o
 .debug_abbrev  0x00000000      0x1d3 ..\obj\stm32f10x_pwr.o
 .debug_loc     0x00000000       0xb8 ..\obj\stm32f10x_pwr.o
 .debug_aranges
                0x00000000       0x60 ..\obj\stm32f10x_pwr.o
 .debug_ranges  0x00000000       0x50 ..\obj\stm32f10x_pwr.o
 .debug_line    0x00000000      0x38d ..\obj\stm32f10x_pwr.o
 .debug_str     0x00000000      0x327 ..\obj\stm32f10x_pwr.o
 .comment       0x00000000       0x4a ..\obj\stm32f10x_pwr.o
 .debug_frame   0x00000000       0xb8 ..\obj\stm32f10x_pwr.o
 .ARM.attributes
                0x00000000       0x2d ..\obj\stm32f10x_pwr.o
 .text          0x00000000        0x0 ..\obj\startup_stm32f10x_md.o
 .data          0x00000000        0x0 ..\obj\startup_stm32f10x_md.o
 .bss           0x00000000        0x0 ..\obj\startup_stm32f10x_md.o
 .text          0x00000000        0x0 ..\obj\stm32f10x_gpio.o
 .data          0x00000000        0x0 ..\obj\stm32f10x_gpio.o
 .bss           0x00000000        0x0 ..\obj\stm32f10x_gpio.o
 .text.GPIO_DeInit
                0x00000000       0xdc ..\obj\stm32f10x_gpio.o
 .text.GPIO_AFIODeInit
                0x00000000       0x18 ..\obj\stm32f10x_gpio.o
 .text.GPIO_StructInit
                0x00000000       0x10 ..\obj\stm32f10x_gpio.o
 .text.GPIO_ReadInputDataBit
                0x00000000        0xc ..\obj\stm32f10x_gpio.o
 .text.GPIO_ReadInputData
                0x00000000        0x8 ..\obj\stm32f10x_gpio.o
 .text.GPIO_ReadOutputData
                0x00000000        0x8 ..\obj\stm32f10x_gpio.o
 .text.GPIO_SetBits
                0x00000000        0x4 ..\obj\stm32f10x_gpio.o
 .text.GPIO_ResetBits
                0x00000000        0x4 ..\obj\stm32f10x_gpio.o
 .text.GPIO_Write
                0x00000000        0x4 ..\obj\stm32f10x_gpio.o
 .text.GPIO_PinLockConfig
                0x00000000       0x10 ..\obj\stm32f10x_gpio.o
 .text.GPIO_EventOutputConfig
                0x00000000       0x1c ..\obj\stm32f10x_gpio.o
 .text.GPIO_EventOutputCmd
                0x00000000        0xc ..\obj\stm32f10x_gpio.o
 .text.GPIO_ETH_MediaInterfaceConfig
                0x00000000        0xc ..\obj\stm32f10x_gpio.o
 .text          0x00000000        0x0 ..\obj\main.o
 .data          0x00000000        0x0 ..\obj\main.o
 .text.Watchdog_Config
                0x00000000       0x2c ..\obj\main.o
 .text.Watchdog_Reset_Detect
                0x00000000       0x14 ..\obj\main.o
 .text.UintToString
                0x00000000       0x94 ..\obj\main.o
 .text.CRC8     0x00000000       0xb8 ..\obj\main.o
 .text.SplitString
                0x00000000       0x50 ..\obj\main.o
 .text          0x00000000        0x0 ..\obj\timers.o
 .data          0x00000000        0x0 ..\obj\timers.o
 .text.xTimerGetTimerDaemonTaskHandle
                0x00000000        0xc ..\obj\timers.o
 .text.xTimerGetPeriod
                0x00000000        0x4 ..\obj\timers.o
 .text.xTimerGetExpiryTime
                0x00000000        0x4 ..\obj\timers.o
 .text.pcTimerGetName
                0x00000000        0x4 ..\obj\timers.o
 .text.xTimerIsTimerActive
                0x00000000       0x18 ..\obj\timers.o
 .text.pvTimerGetTimerID
                0x00000000       0x14 ..\obj\timers.o
 .text.vTimerSetTimerID
                0x00000000       0x14 ..\obj\timers.o
 .text          0x00000000        0x0 ..\obj\stm32f10x_crc.o
 .data          0x00000000        0x0 ..\obj\stm32f10x_crc.o
 .bss           0x00000000        0x0 ..\obj\stm32f10x_crc.o
 .text.CRC_ResetDR
                0x00000000        0xc ..\obj\stm32f10x_crc.o
 .text.CRC_CalcCRC
                0x00000000        0xc ..\obj\stm32f10x_crc.o
 .text.CRC_CalcBlockCRC
                0x00000000       0x20 ..\obj\stm32f10x_crc.o
 .text.CRC_GetCRC
                0x00000000        0xc ..\obj\stm32f10x_crc.o
 .text.CRC_SetIDRegister
                0x00000000        0xc ..\obj\stm32f10x_crc.o
 .text.CRC_GetIDRegister
                0x00000000        0xc ..\obj\stm32f10x_crc.o
 .debug_info    0x00000000      0x209 ..\obj\stm32f10x_crc.o
 .debug_abbrev  0x00000000      0x132 ..\obj\stm32f10x_crc.o
 .debug_loc     0x00000000       0x92 ..\obj\stm32f10x_crc.o
 .debug_aranges
                0x00000000       0x48 ..\obj\stm32f10x_crc.o
 .debug_ranges  0x00000000       0x38 ..\obj\stm32f10x_crc.o
 .debug_line    0x00000000      0x243 ..\obj\stm32f10x_crc.o
 .debug_str     0x00000000      0x229 ..\obj\stm32f10x_crc.o
 .comment       0x00000000       0x4a ..\obj\stm32f10x_crc.o
 .debug_frame   0x00000000       0x70 ..\obj\stm32f10x_crc.o
 .ARM.attributes
                0x00000000       0x2d ..\obj\stm32f10x_crc.o
 .text          0x00000000        0x0 ..\obj\stm32f10x_rcc.o
 .bss           0x00000000        0x0 ..\obj\stm32f10x_rcc.o
 .text.RCC_DeInit
                0x00000000       0x40 ..\obj\stm32f10x_rcc.o
 .text.RCC_HSEConfig
                0x00000000       0x38 ..\obj\stm32f10x_rcc.o
 .text.RCC_WaitForHSEStartUp
                0x00000000       0x30 ..\obj\stm32f10x_rcc.o
 .text.RCC_AdjustHSICalibrationValue
                0x00000000       0x14 ..\obj\stm32f10x_rcc.o
 .text.RCC_HSICmd
                0x00000000        0xc ..\obj\stm32f10x_rcc.o
 .text.RCC_PLLConfig
                0x00000000       0x14 ..\obj\stm32f10x_rcc.o
 .text.RCC_PLLCmd
                0x00000000        0xc ..\obj\stm32f10x_rcc.o
 .text.RCC_SYSCLKConfig
                0x00000000       0x14 ..\obj\stm32f10x_rcc.o
 .text.RCC_GetSYSCLKSource
                0x00000000       0x10 ..\obj\stm32f10x_rcc.o
 .text.RCC_HCLKConfig
                0x00000000       0x14 ..\obj\stm32f10x_rcc.o
 .text.RCC_PCLK1Config
                0x00000000       0x14 ..\obj\stm32f10x_rcc.o
 .text.RCC_PCLK2Config
                0x00000000       0x14 ..\obj\stm32f10x_rcc.o
 .text.RCC_ITConfig
                0x00000000       0x18 ..\obj\stm32f10x_rcc.o
 .text.RCC_USBCLKConfig
                0x00000000        0xc ..\obj\stm32f10x_rcc.o
 .text.RCC_ADCCLKConfig
                0x00000000       0x14 ..\obj\stm32f10x_rcc.o
 .text.RCC_LSEConfig
                0x00000000       0x28 ..\obj\stm32f10x_rcc.o
 .text.RCC_LSICmd
                0x00000000        0xc ..\obj\stm32f10x_rcc.o
 .text.RCC_RTCCLKConfig
                0x00000000       0x10 ..\obj\stm32f10x_rcc.o
 .text.RCC_RTCCLKCmd
                0x00000000        0xc ..\obj\stm32f10x_rcc.o
 .text.RCC_AHBPeriphClockCmd
                0x00000000       0x18 ..\obj\stm32f10x_rcc.o
 .text.RCC_APB2PeriphResetCmd
                0x00000000       0x18 ..\obj\stm32f10x_rcc.o
 .text.RCC_APB1PeriphResetCmd
                0x00000000       0x18 ..\obj\stm32f10x_rcc.o
 .text.RCC_BackupResetCmd
                0x00000000        0xc ..\obj\stm32f10x_rcc.o
 .text.RCC_ClockSecuritySystemCmd
                0x00000000        0xc ..\obj\stm32f10x_rcc.o
 .text.RCC_MCOConfig
                0x00000000        0xc ..\obj\stm32f10x_rcc.o
 .text.RCC_GetFlagStatus
                0x00000000       0x34 ..\obj\stm32f10x_rcc.o
 .text.RCC_ClearFlag
                0x00000000       0x10 ..\obj\stm32f10x_rcc.o
 .text.RCC_GetITStatus
                0x00000000       0x14 ..\obj\stm32f10x_rcc.o
 .text.RCC_ClearITPendingBit
                0x00000000        0xc ..\obj\stm32f10x_rcc.o
 .text          0x00000000        0x0 ..\obj\gpio.o
 .data          0x00000000        0x0 ..\obj\gpio.o
 .text.DecodePortId
                0x00000000       0x14 ..\obj\gpio.o
 .text.DecodePinId
                0x00000000       0x14 ..\obj\gpio.o
 .text.DecodePinMode
                0x00000000        0xc ..\obj\gpio.o
 .text.GpioClockMask
                0x00000000       0x14 ..\obj\gpio.o
 .text.SetPinState
                0x00000000       0x5c ..\obj\gpio.o
 .text.GetPinState
                0x00000000       0x38 ..\obj\gpio.o
 .text          0x00000000        0x0 ..\obj\stm32f10x_exti.o
 .data          0x00000000        0x0 ..\obj\stm32f10x_exti.o
 .bss           0x00000000        0x0 ..\obj\stm32f10x_exti.o
 .text.EXTI_DeInit
                0x00000000       0x1c ..\obj\stm32f10x_exti.o
 .text.EXTI_StructInit
                0x00000000       0x10 ..\obj\stm32f10x_exti.o
 .text.EXTI_GenerateSWInterrupt
                0x00000000       0x10 ..\obj\stm32f10x_exti.o
 .text.EXTI_GetFlagStatus
                0x00000000       0x14 ..\obj\stm32f10x_exti.o
 .text.EXTI_ClearFlag
                0x00000000        0xc ..\obj\stm32f10x_exti.o
 .text          0x00000000        0x0 ..\obj\tasks.o
 .data          0x00000000        0x0 ..\obj\tasks.o
 .text.prvAddCurrentTaskToDelayedList.constprop.0
                0x00000000       0x50 ..\obj\tasks.o
 .text.vTaskEndScheduler
                0x00000000       0x20 ..\obj\tasks.o
 .text.uxTaskGetNumberOfTasks
                0x00000000        0xc ..\obj\tasks.o
 .text.pcTaskGetName
                0x00000000       0x14 ..\obj\tasks.o
 .text.vTaskPlaceOnUnorderedEventList
                0x00000000       0x64 ..\obj\tasks.o
 .text.xTaskRemoveFromUnorderedEventList
                0x00000000       0x50 ..\obj\tasks.o
 .text.uxTaskResetEventItemValue
                0x00000000       0x18 ..\obj\tasks.o
 .text.ulTaskNotifyTake
                0x00000000       0x6c ..\obj\tasks.o
 .text.xTaskNotifyWait
                0x00000000       0x8c ..\obj\tasks.o
 .text.xTaskGenericNotify
                0x00000000       0xac ..\obj\tasks.o
 .text.xTaskGenericNotifyFromISR
                0x00000000       0xd0 ..\obj\tasks.o
 .text.vTaskNotifyGiveFromISR
                0x00000000       0xa4 ..\obj\tasks.o
 .text.xTaskNotifyStateClear
                0x00000000       0x30 ..\obj\tasks.o
 .text          0x00000000        0x0 ..\obj\stm32f10x_adc.o
 .data          0x00000000        0x0 ..\obj\stm32f10x_adc.o
 .bss           0x00000000        0x0 ..\obj\stm32f10x_adc.o
 .text.ADC_DeInit
                0x00000000       0x6c ..\obj\stm32f10x_adc.o
 .text.ADC_Init
                0x00000000       0x4c ..\obj\stm32f10x_adc.o
 .text.ADC_StructInit
                0x00000000       0x10 ..\obj\stm32f10x_adc.o
 .text.ADC_DMACmd
                0x00000000       0x14 ..\obj\stm32f10x_adc.o
 .text.ADC_ITConfig
                0x00000000       0x14 ..\obj\stm32f10x_adc.o
 .text.ADC_ResetCalibration
                0x00000000        0xc ..\obj\stm32f10x_adc.o
 .text.ADC_GetResetCalibrationStatus
                0x00000000        0x8 ..\obj\stm32f10x_adc.o
 .text.ADC_StartCalibration
                0x00000000        0xc ..\obj\stm32f10x_adc.o
 .text.ADC_GetCalibrationStatus
                0x00000000        0x8 ..\obj\stm32f10x_adc.o
 .text.ADC_GetSoftwareStartConvStatus
                0x00000000        0x8 ..\obj\stm32f10x_adc.o
 .text.ADC_DiscModeChannelCountConfig
                0x00000000       0x10 ..\obj\stm32f10x_adc.o
 .text.ADC_DiscModeCmd
                0x00000000       0x14 ..\obj\stm32f10x_adc.o
 .text.ADC_RegularChannelConfig
                0x00000000       0x9c ..\obj\stm32f10x_adc.o
 .text.ADC_ExternalTrigConvCmd
                0x00000000       0x14 ..\obj\stm32f10x_adc.o
 .text.ADC_GetDualModeConversionValue
                0x00000000        0xc ..\obj\stm32f10x_adc.o
 .text.ADC_AutoInjectedConvCmd
                0x00000000       0x14 ..\obj\stm32f10x_adc.o
 .text.ADC_InjectedDiscModeCmd
                0x00000000       0x14 ..\obj\stm32f10x_adc.o
 .text.ADC_ExternalTrigInjectedConvConfig
                0x00000000        0xc ..\obj\stm32f10x_adc.o
 .text.ADC_ExternalTrigInjectedConvCmd
                0x00000000       0x14 ..\obj\stm32f10x_adc.o
 .text.ADC_SoftwareStartInjectedConvCmd
                0x00000000       0x14 ..\obj\stm32f10x_adc.o
 .text.ADC_GetSoftwareStartInjectedConvCmdStatus
                0x00000000        0x8 ..\obj\stm32f10x_adc.o
 .text.ADC_InjectedChannelConfig
                0x00000000       0x60 ..\obj\stm32f10x_adc.o
 .text.ADC_InjectedSequencerLengthConfig
                0x00000000       0x10 ..\obj\stm32f10x_adc.o
 .text.ADC_SetInjectedOffset
                0x00000000       0x18 ..\obj\stm32f10x_adc.o
 .text.ADC_GetInjectedConversionValue
                0x00000000       0x1c ..\obj\stm32f10x_adc.o
 .text.ADC_AnalogWatchdogCmd
                0x00000000       0x10 ..\obj\stm32f10x_adc.o
 .text.ADC_AnalogWatchdogThresholdsConfig
                0x00000000        0x8 ..\obj\stm32f10x_adc.o
 .text.ADC_AnalogWatchdogSingleChannelConfig
                0x00000000        0xc ..\obj\stm32f10x_adc.o
 .text.ADC_TempSensorVrefintCmd
                0x00000000       0x1c ..\obj\stm32f10x_adc.o
 .text.ADC_GetFlagStatus
                0x00000000        0xc ..\obj\stm32f10x_adc.o
 .text.ADC_ClearFlag
                0x00000000        0x8 ..\obj\stm32f10x_adc.o
 .text          0x00000000        0x0 ..\obj\stm32f10x_usart.o
 .data          0x00000000        0x0 ..\obj\stm32f10x_usart.o
 .bss           0x00000000        0x0 ..\obj\stm32f10x_usart.o
 .text.USART_DeInit
                0x00000000       0xb0 ..\obj\stm32f10x_usart.o
 .text.USART_StructInit
                0x00000000       0x14 ..\obj\stm32f10x_usart.o
 .text.USART_ClockInit
                0x00000000       0x28 ..\obj\stm32f10x_usart.o
 .text.USART_ClockStructInit
                0x00000000        0x8 ..\obj\stm32f10x_usart.o
 .text.USART_DMACmd
                0x00000000       0x14 ..\obj\stm32f10x_usart.o
 .text.USART_SetAddress
                0x00000000       0x18 ..\obj\stm32f10x_usart.o
 .text.USART_WakeUpConfig
                0x00000000       0x18 ..\obj\stm32f10x_usart.o
 .text.USART_ReceiverWakeUpCmd
                0x00000000       0x1c ..\obj\stm32f10x_usart.o
 .text.USART_LINBreakDetectLengthConfig
                0x00000000       0x18 ..\obj\stm32f10x_usart.o
 .text.USART_LINCmd
                0x00000000       0x1c ..\obj\stm32f10x_usart.o
 .text.USART_SendBreak
                0x00000000        0xc ..\obj\stm32f10x_usart.o
 .text.USART_SetGuardTime
                0x00000000       0x14 ..\obj\stm32f10x_usart.o
 .text.USART_SetPrescaler
                0x00000000       0x14 ..\obj\stm32f10x_usart.o
 .text.USART_SmartCardCmd
                0x00000000       0x1c ..\obj\stm32f10x_usart.o
 .text.USART_SmartCardNACKCmd
                0x00000000       0x1c ..\obj\stm32f10x_usart.o
 .text.USART_HalfDuplexCmd
                0x00000000       0x1c ..\obj\stm32f10x_usart.o
 .text.USART_OverSampling8Cmd
                0x00000000       0x1c ..\obj\stm32f10x_usart.o
 .text.USART_OneBitMethodCmd
                0x00000000       0x1c ..\obj\stm32f10x_usart.o
 .text.USART_IrDAConfig
                0x00000000       0x18 ..\obj\stm32f10x_usart.o
 .text.USART_IrDACmd
                0x00000000       0x1c ..\obj\stm32f10x_usart.o
 .text.USART_ClearFlag
                0x00000000        0x8 ..\obj\stm32f10x_usart.o
 .text          0x00000000        0x0 ..\obj\list.o
 .data          0x00000000        0x0 ..\obj\list.o
 .bss           0x00000000        0x0 ..\obj\list.o
 .text          0x00000000        0x0 ..\obj\exti.o
 .data          0x00000000        0x0 ..\obj\exti.o
 .text.ExtiInit
                0x00000000        0x4 ..\obj\exti.o
 .text.ExtiDisable
                0x00000000        0x4 ..\obj\exti.o
 .text.ExtiRegisterHandler
                0x00000000        0x8 ..\obj\exti.o
 .text          0x00000000        0x0 ..\obj\adc.o
 .data          0x00000000        0x0 ..\obj\adc.o
 .text.AdcInit  0x00000000       0xa8 ..\obj\adc.o
 .text.AdcStart
                0x00000000       0xa0 ..\obj\adc.o
 .text.AdcStop  0x00000000        0xc ..\obj\adc.o
 .text.AdcChannelCreate
                0x00000000       0xf8 ..\obj\adc.o
 .text.AdcChannelRead
                0x00000000       0x34 ..\obj\adc.o
 .text.AdcHchannel
                0x00000000       0x10 ..\obj\adc.o
 .text          0x00000000        0x0 ..\obj\queue.o
 .data          0x00000000        0x0 ..\obj\queue.o
 .bss           0x00000000        0x0 ..\obj\queue.o
 .text.xQueueGenericReset
                0x00000000       0x7c ..\obj\queue.o
 .text.xQueueReceiveFromISR
                0x00000000       0x90 ..\obj\queue.o
 .text.xQueuePeekFromISR
                0x00000000       0x48 ..\obj\queue.o
 .text.uxQueueMessagesWaiting
                0x00000000       0x14 ..\obj\queue.o
 .text.uxQueueSpacesAvailable
                0x00000000       0x18 ..\obj\queue.o
 .text.uxQueueMessagesWaitingFromISR
                0x00000000        0x4 ..\obj\queue.o
 .text.vQueueDelete
                0x00000000        0x4 ..\obj\queue.o
 .text.xQueueIsQueueEmptyFromISR
                0x00000000        0xc ..\obj\queue.o
 .text.xQueueIsQueueFullFromISR
                0x00000000       0x10 ..\obj\queue.o
 .text          0x00000000        0x0 ..\obj\port.o
 .bss           0x00000000        0x0 ..\obj\port.o
 .text.vPortEndScheduler
                0x00000000        0x4 ..\obj\port.o
 .text          0x00000000        0x0 ..\obj\debug.o
 .data          0x00000000        0x0 ..\obj\debug.o
 .text.DebugKeyHandler
                0x00000000      0x160 ..\obj\debug.o
 .text.DebugInit
                0x00000000       0x98 ..\obj\debug.o
 .text.DebugError
                0x00000000       0x54 ..\obj\debug.o
 .text.DebugInfo
                0x00000000       0x54 ..\obj\debug.o
 .text.DebugWarning
                0x00000000       0x54 ..\obj\debug.o
 .text.HandleInputKey
                0x00000000      0x2e4 ..\obj\debug.o
 .text.DebugTask
                0x00000000       0x64 ..\obj\debug.o
 .text.printf   0x00000000       0x1c ..\obj\debug.o
 .text.DebugWarnPrintf
                0x00000000       0x58 ..\obj\debug.o
 .text.DebugErrorPrintf
                0x00000000       0x58 ..\obj\debug.o
 .text          0x00000000        0x0 ..\obj\stm32f10x_dma.o
 .data          0x00000000        0x0 ..\obj\stm32f10x_dma.o
 .bss           0x00000000        0x0 ..\obj\stm32f10x_dma.o
 .text.DMA_DeInit
                0x00000000      0x128 ..\obj\stm32f10x_dma.o
 .text.DMA_Init
                0x00000000       0x40 ..\obj\stm32f10x_dma.o
 .text.DMA_StructInit
                0x00000000       0x1c ..\obj\stm32f10x_dma.o
 .text.DMA_Cmd  0x00000000       0x18 ..\obj\stm32f10x_dma.o
 .text.DMA_ITConfig
                0x00000000       0x14 ..\obj\stm32f10x_dma.o
 .text.DMA_SetCurrDataCounter
                0x00000000        0x4 ..\obj\stm32f10x_dma.o
 .text.DMA_GetCurrDataCounter
                0x00000000        0x8 ..\obj\stm32f10x_dma.o
 .text.DMA_GetFlagStatus
                0x00000000       0x1c ..\obj\stm32f10x_dma.o
 .text.DMA_ClearFlag
                0x00000000       0x14 ..\obj\stm32f10x_dma.o
 .text.DMA_GetITStatus
                0x00000000       0x1c ..\obj\stm32f10x_dma.o
 .text.DMA_ClearITPendingBit
                0x00000000       0x14 ..\obj\stm32f10x_dma.o
 .debug_info    0x00000000      0x4ac ..\obj\stm32f10x_dma.o
 .debug_abbrev  0x00000000      0x223 ..\obj\stm32f10x_dma.o
 .debug_loc     0x00000000      0x139 ..\obj\stm32f10x_dma.o
 .debug_aranges
                0x00000000       0x60 ..\obj\stm32f10x_dma.o
 .debug_ranges  0x00000000       0x50 ..\obj\stm32f10x_dma.o
 .debug_line    0x00000000      0x4a1 ..\obj\stm32f10x_dma.o
 .debug_str     0x00000000      0x3a5 ..\obj\stm32f10x_dma.o
 .comment       0x00000000       0x4a ..\obj\stm32f10x_dma.o
 .debug_frame   0x00000000       0xcc ..\obj\stm32f10x_dma.o
 .ARM.attributes
                0x00000000       0x2d ..\obj\stm32f10x_dma.o
 .text          0x00000000        0x0 ..\obj\croutine.o
 .data          0x00000000        0x0 ..\obj\croutine.o
 .bss           0x00000000        0x0 ..\obj\croutine.o
 .debug_info    0x00000000       0x72 ..\obj\croutine.o
 .debug_abbrev  0x00000000       0x26 ..\obj\croutine.o
 .debug_aranges
                0x00000000       0x18 ..\obj\croutine.o
 .debug_line    0x00000000       0x1d ..\obj\croutine.o
 .debug_str     0x00000000      0x158 ..\obj\croutine.o
 .comment       0x00000000       0x4a ..\obj\croutine.o
 .ARM.attributes
                0x00000000       0x33 ..\obj\croutine.o
 .text          0x00000000        0x0 ..\obj\event_groups.o
 .data          0x00000000        0x0 ..\obj\event_groups.o
 .bss           0x00000000        0x0 ..\obj\event_groups.o
 .text.xEventGroupCreate
                0x00000000       0x1c ..\obj\event_groups.o
 .text.xEventGroupSync
                0x00000000       0xf8 ..\obj\event_groups.o
 .text.xEventGroupWaitBits
                0x00000000       0xc4 ..\obj\event_groups.o
 .text.xEventGroupClearBits
                0x00000000       0x1c ..\obj\event_groups.o
 .text.xEventGroupGetBitsFromISR
                0x00000000       0x1c ..\obj\event_groups.o
 .text.xEventGroupSetBits
                0x00000000       0x68 ..\obj\event_groups.o
 .text.vEventGroupDelete
                0x00000000       0x2c ..\obj\event_groups.o
 .text.vEventGroupSetBitsCallback
                0x00000000       0x64 ..\obj\event_groups.o
 .text.vEventGroupClearBitsCallback
                0x00000000       0x1c ..\obj\event_groups.o
 .debug_info    0x00000000      0xc81 ..\obj\event_groups.o
 .debug_abbrev  0x00000000      0x2be ..\obj\event_groups.o
 .debug_loc     0x00000000      0xe53 ..\obj\event_groups.o
 .debug_aranges
                0x00000000       0x60 ..\obj\event_groups.o
 .debug_ranges  0x00000000       0xf0 ..\obj\event_groups.o
 .debug_line    0x00000000      0x868 ..\obj\event_groups.o
 .debug_str     0x00000000      0x5df ..\obj\event_groups.o
 .comment       0x00000000       0x4a ..\obj\event_groups.o
 .debug_frame   0x00000000      0x138 ..\obj\event_groups.o
 .ARM.attributes
                0x00000000       0x2d ..\obj\event_groups.o
 .text          0x00000000        0x0 ..\obj\heap_1.o
 .data          0x00000000        0x0 ..\obj\heap_1.o
 .text.vPortInitialiseBlocks
                0x00000000        0xc ..\obj\heap_1.o
 .text.xPortGetFreeHeapSize
                0x00000000       0x10 ..\obj\heap_1.o
 .text          0x00000000        0x0 ..\obj\stm32f10x_bkp.o
 .data          0x00000000        0x0 ..\obj\stm32f10x_bkp.o
 .bss           0x00000000        0x0 ..\obj\stm32f10x_bkp.o
 .text.BKP_DeInit
                0x00000000       0x14 ..\obj\stm32f10x_bkp.o
 .text.BKP_TamperPinLevelConfig
                0x00000000        0xc ..\obj\stm32f10x_bkp.o
 .text.BKP_TamperPinCmd
                0x00000000        0xc ..\obj\stm32f10x_bkp.o
 .text.BKP_ITConfig
                0x00000000        0xc ..\obj\stm32f10x_bkp.o
 .text.BKP_RTCOutputConfig
                0x00000000       0x18 ..\obj\stm32f10x_bkp.o
 .text.BKP_SetRTCCalibrationValue
                0x00000000       0x18 ..\obj\stm32f10x_bkp.o
 .text.BKP_WriteBackupRegister
                0x00000000       0x1c ..\obj\stm32f10x_bkp.o
 .text.BKP_ReadBackupRegister
                0x00000000       0x20 ..\obj\stm32f10x_bkp.o
 .text.BKP_GetFlagStatus
                0x00000000       0x10 ..\obj\stm32f10x_bkp.o
 .text.BKP_ClearFlag
                0x00000000       0x14 ..\obj\stm32f10x_bkp.o
 .text.BKP_GetITStatus
                0x00000000       0x10 ..\obj\stm32f10x_bkp.o
 .text.BKP_ClearITPendingBit
                0x00000000       0x14 ..\obj\stm32f10x_bkp.o
 .debug_info    0x00000000      0x83f ..\obj\stm32f10x_bkp.o
 .debug_abbrev  0x00000000      0x1ab ..\obj\stm32f10x_bkp.o
 .debug_loc     0x00000000       0xaa ..\obj\stm32f10x_bkp.o
 .debug_aranges
                0x00000000       0x78 ..\obj\stm32f10x_bkp.o
 .debug_ranges  0x00000000       0x68 ..\obj\stm32f10x_bkp.o
 .debug_line    0x00000000      0x366 ..\obj\stm32f10x_bkp.o
 .debug_str     0x00000000      0x5b6 ..\obj\stm32f10x_bkp.o
 .comment       0x00000000       0x4a ..\obj\stm32f10x_bkp.o
 .debug_frame   0x00000000       0xec ..\obj\stm32f10x_bkp.o
 .ARM.attributes
                0x00000000       0x2d ..\obj\stm32f10x_bkp.o
 .text          0x00000000        0x0 ..\obj\usart.o
 .data          0x00000000        0x0 ..\obj\usart.o
 .text.PinSourceDecode
                0x00000000       0xb8 ..\obj\usart.o
 .text.GetIRQnFromId
                0x00000000       0x10 ..\obj\usart.o
 .text.GetGpioClockMask
                0x00000000       0x5c ..\obj\usart.o
 .text.DecodeUsartId
                0x00000000       0x14 ..\obj\usart.o
 .text.StartUsartClock
                0x00000000       0x44 ..\obj\usart.o
 .text.UsartReceiveByte
                0x00000000       0x18 ..\obj\usart.o
 .text.ResetUsartBuffer
                0x00000000        0x4 ..\obj\usart.o
 .text.IsInitialised
                0x00000000        0x4 ..\obj\usart.o
 .text          0x00000000        0x0 ..\obj\stm32f10x_iwdg.o
 .data          0x00000000        0x0 ..\obj\stm32f10x_iwdg.o
 .bss           0x00000000        0x0 ..\obj\stm32f10x_iwdg.o
 .text.IWDG_WriteAccessCmd
                0x00000000        0xc ..\obj\stm32f10x_iwdg.o
 .text.IWDG_SetPrescaler
                0x00000000        0xc ..\obj\stm32f10x_iwdg.o
 .text.IWDG_SetReload
                0x00000000        0xc ..\obj\stm32f10x_iwdg.o
 .text.IWDG_ReloadCounter
                0x00000000       0x10 ..\obj\stm32f10x_iwdg.o
 .text.IWDG_Enable
                0x00000000       0x10 ..\obj\stm32f10x_iwdg.o
 .text.IWDG_GetFlagStatus
                0x00000000       0x14 ..\obj\stm32f10x_iwdg.o
 .debug_info    0x00000000      0x201 ..\obj\stm32f10x_iwdg.o
 .debug_abbrev  0x00000000      0x13b ..\obj\stm32f10x_iwdg.o
 .debug_loc     0x00000000       0x4f ..\obj\stm32f10x_iwdg.o
 .debug_aranges
                0x00000000       0x48 ..\obj\stm32f10x_iwdg.o
 .debug_ranges  0x00000000       0x38 ..\obj\stm32f10x_iwdg.o
 .debug_line    0x00000000      0x20e ..\obj\stm32f10x_iwdg.o
 .debug_str     0x00000000      0x24a ..\obj\stm32f10x_iwdg.o
 .comment       0x00000000       0x4a ..\obj\stm32f10x_iwdg.o
 .debug_frame   0x00000000       0x70 ..\obj\stm32f10x_iwdg.o
 .ARM.attributes
                0x00000000       0x2d ..\obj\stm32f10x_iwdg.o
 .data          0x00000000        0x0 c:/program files (x86)/gnu arm embedded toolchain/10 2021.07/bin/../lib/gcc/arm-none-eabi/10.3.1/../../../../arm-none-eabi/lib/thumb/v7-m/nofp\libg.a(lib_a-memcpy.o)
 .bss           0x00000000        0x0 c:/program files (x86)/gnu arm embedded toolchain/10 2021.07/bin/../lib/gcc/arm-none-eabi/10.3.1/../../../../arm-none-eabi/lib/thumb/v7-m/nofp\libg.a(lib_a-memcpy.o)
 .text          0x00000000        0x0 c:/program files (x86)/gnu arm embedded toolchain/10 2021.07/bin/../lib/gcc/arm-none-eabi/10.3.1/../../../../arm-none-eabi/lib/thumb/v7-m/nofp\libg.a(lib_a-memset.o)
 .data          0x00000000        0x0 c:/program files (x86)/gnu arm embedded toolchain/10 2021.07/bin/../lib/gcc/arm-none-eabi/10.3.1/../../../../arm-none-eabi/lib/thumb/v7-m/nofp\libg.a(lib_a-memset.o)
 .bss           0x00000000        0x0 c:/program files (x86)/gnu arm embedded toolchain/10 2021.07/bin/../lib/gcc/arm-none-eabi/10.3.1/../../../../arm-none-eabi/lib/thumb/v7-m/nofp\libg.a(lib_a-memset.o)
 .text.memset   0x00000000       0xa4 c:/program files (x86)/gnu arm embedded toolchain/10 2021.07/bin/../lib/gcc/arm-none-eabi/10.3.1/../../../../arm-none-eabi/lib/thumb/v7-m/nofp\libg.a(lib_a-memset.o)
 .debug_frame   0x00000000       0x2c c:/program files (x86)/gnu arm embedded toolchain/10 2021.07/bin/../lib/gcc/arm-none-eabi/10.3.1/../../../../arm-none-eabi/lib/thumb/v7-m/nofp\libg.a(lib_a-memset.o)
 .ARM.attributes
                0x00000000       0x2d c:/program files (x86)/gnu arm embedded toolchain/10 2021.07/bin/../lib/gcc/arm-none-eabi/10.3.1/../../../../arm-none-eabi/lib/thumb/v7-m/nofp\libg.a(lib_a-memset.o)
 .text          0x00000000        0x0 c:/program files (x86)/gnu arm embedded toolchain/10 2021.07/bin/../lib/gcc/arm-none-eabi/10.3.1/../../../../arm-none-eabi/lib/thumb/v7-m/nofp\libg.a(lib_a-stpcpy.o)
 .data          0x00000000        0x0 c:/program files (x86)/gnu arm embedded toolchain/10 2021.07/bin/../lib/gcc/arm-none-eabi/10.3.1/../../../../arm-none-eabi/lib/thumb/v7-m/nofp\libg.a(lib_a-stpcpy.o)
 .bss           0x00000000        0x0 c:/program files (x86)/gnu arm embedded toolchain/10 2021.07/bin/../lib/gcc/arm-none-eabi/10.3.1/../../../../arm-none-eabi/lib/thumb/v7-m/nofp\libg.a(lib_a-stpcpy.o)
 .text.stpcpy   0x00000000       0x48 c:/program files (x86)/gnu arm embedded toolchain/10 2021.07/bin/../lib/gcc/arm-none-eabi/10.3.1/../../../../arm-none-eabi/lib/thumb/v7-m/nofp\libg.a(lib_a-stpcpy.o)
 .debug_frame   0x00000000       0x20 c:/program files (x86)/gnu arm embedded toolchain/10 2021.07/bin/../lib/gcc/arm-none-eabi/10.3.1/../../../../arm-none-eabi/lib/thumb/v7-m/nofp\libg.a(lib_a-stpcpy.o)
 .ARM.attributes
                0x00000000       0x2d c:/program files (x86)/gnu arm embedded toolchain/10 2021.07/bin/../lib/gcc/arm-none-eabi/10.3.1/../../../../arm-none-eabi/lib/thumb/v7-m/nofp\libg.a(lib_a-stpcpy.o)
 .text          0x00000000      0x1bc c:/program files (x86)/gnu arm embedded toolchain/10 2021.07/bin/../lib/gcc/arm-none-eabi/10.3.1/../../../../arm-none-eabi/lib/thumb/v7-m/nofp\libg.a(lib_a-strcmp.o)
 .data          0x00000000        0x0 c:/program files (x86)/gnu arm embedded toolchain/10 2021.07/bin/../lib/gcc/arm-none-eabi/10.3.1/../../../../arm-none-eabi/lib/thumb/v7-m/nofp\libg.a(lib_a-strcmp.o)
 .bss           0x00000000        0x0 c:/program files (x86)/gnu arm embedded toolchain/10 2021.07/bin/../lib/gcc/arm-none-eabi/10.3.1/../../../../arm-none-eabi/lib/thumb/v7-m/nofp\libg.a(lib_a-strcmp.o)
 .debug_frame   0x00000000       0x34 c:/program files (x86)/gnu arm embedded toolchain/10 2021.07/bin/../lib/gcc/arm-none-eabi/10.3.1/../../../../arm-none-eabi/lib/thumb/v7-m/nofp\libg.a(lib_a-strcmp.o)
 .ARM.attributes
                0x00000000       0x1b c:/program files (x86)/gnu arm embedded toolchain/10 2021.07/bin/../lib/gcc/arm-none-eabi/10.3.1/../../../../arm-none-eabi/lib/thumb/v7-m/nofp\libg.a(lib_a-strcmp.o)
 .text          0x00000000        0x0 c:/program files (x86)/gnu arm embedded toolchain/10 2021.07/bin/../lib/gcc/arm-none-eabi/10.3.1/../../../../arm-none-eabi/lib/thumb/v7-m/nofp\libg.a(lib_a-strcpy.o)
 .data          0x00000000        0x0 c:/program files (x86)/gnu arm embedded toolchain/10 2021.07/bin/../lib/gcc/arm-none-eabi/10.3.1/../../../../arm-none-eabi/lib/thumb/v7-m/nofp\libg.a(lib_a-strcpy.o)
 .bss           0x00000000        0x0 c:/program files (x86)/gnu arm embedded toolchain/10 2021.07/bin/../lib/gcc/arm-none-eabi/10.3.1/../../../../arm-none-eabi/lib/thumb/v7-m/nofp\libg.a(lib_a-strcpy.o)
 .text          0x00000000        0x0 c:/program files (x86)/gnu arm embedded toolchain/10 2021.07/bin/../lib/gcc/arm-none-eabi/10.3.1/../../../../arm-none-eabi/lib/thumb/v7-m/nofp\libg.a(lib_a-strlen-stub.o)
 .data          0x00000000        0x0 c:/program files (x86)/gnu arm embedded toolchain/10 2021.07/bin/../lib/gcc/arm-none-eabi/10.3.1/../../../../arm-none-eabi/lib/thumb/v7-m/nofp\libg.a(lib_a-strlen-stub.o)
 .bss           0x00000000        0x0 c:/program files (x86)/gnu arm embedded toolchain/10 2021.07/bin/../lib/gcc/arm-none-eabi/10.3.1/../../../../arm-none-eabi/lib/thumb/v7-m/nofp\libg.a(lib_a-strlen-stub.o)

Memory Configuration

Name             Origin             Length             Attributes
rom              0x08000000         0x00010000         xr
ram              0x20000000         0x00005000         xrw
*default*        0x00000000         0xffffffff

Linker script and memory map

                0x20005000                _eram = 0x20005000

.text           0x08000000     0x3790
 *(.isr_vector)
 .isr_vector    0x08000000      0x10c ..\obj\startup_stm32f10x_md.o
                0x08000000                g_pfnVectors
 *(.text*)
 .text.W26DebugHandler
                0x0800010c        0x4 ..\obj\w26.o
                0x0800010c                W26DebugHandler
 .text.ExtiHandlerD0
                0x08000110       0x44 ..\obj\w26.o
                0x08000110                ExtiHandlerD0
 .text.ExtiHandlerD1
                0x08000154       0x4c ..\obj\w26.o
                0x08000154                ExtiHandlerD1
 .text.CardTimerHandler
                0x080001a0       0x14 ..\obj\w26.o
                0x080001a0                CardTimerHandler
 .text.CardReaderTask
                0x080001b4       0xf8 ..\obj\w26.o
                0x080001b4                CardReaderTask
 .text.W26Init  0x080002ac       0x4c ..\obj\w26.o
                0x080002ac                W26Init
 .text.W26Create
                0x080002f8       0xc0 ..\obj\w26.o
                0x080002f8                W26Create
 .text.SystemInit
                0x080003b8      0x100 ..\obj\system_stm32f10x.o
                0x080003b8                SystemInit
 .text.SystemCoreClockUpdate
                0x080004b8       0x58 ..\obj\system_stm32f10x.o
                0x080004b8                SystemCoreClockUpdate
 .text.Default_Handler
                0x08000510        0x4 ..\obj\startup_stm32f10x_md.o
                0x08000510                DebugMon_Handler
                0x08000510                TIM1_CC_IRQHandler
                0x08000510                PVD_IRQHandler
                0x08000510                NMI_Handler
                0x08000510                I2C2_EV_IRQHandler
                0x08000510                UsageFault_Handler
                0x08000510                SPI1_IRQHandler
                0x08000510                TAMPER_IRQHandler
                0x08000510                DMA1_Channel4_IRQHandler
                0x08000510                USART3_IRQHandler
                0x08000510                RTC_IRQHandler
                0x08000510                DMA1_Channel7_IRQHandler
                0x08000510                CAN1_RX1_IRQHandler
                0x08000510                TIM4_IRQHandler
                0x08000510                I2C1_EV_IRQHandler
                0x08000510                DMA1_Channel6_IRQHandler
                0x08000510                TIM3_IRQHandler
                0x08000510                RCC_IRQHandler
                0x08000510                TIM1_TRG_COM_IRQHandler
                0x08000510                DMA1_Channel1_IRQHandler
                0x08000510                SPI2_IRQHandler
                0x08000510                MemManage_Handler
                0x08000510                DMA1_Channel5_IRQHandler
                0x08000510                USB_LP_CAN1_RX0_IRQHandler
                0x08000510                USB_HP_CAN1_TX_IRQHandler
                0x08000510                DMA1_Channel3_IRQHandler
                0x08000510                TIM1_UP_IRQHandler
                0x08000510                WWDG_IRQHandler
                0x08000510                TIM2_IRQHandler
                0x08000510                TIM1_BRK_IRQHandler
                0x08000510                RTCAlarm_IRQHandler
                0x08000510                I2C2_ER_IRQHandler
                0x08000510                DMA1_Channel2_IRQHandler
                0x08000510                CAN1_SCE_IRQHandler
                0x08000510                FLASH_IRQHandler
                0x08000510                BusFault_Handler
                0x08000510                I2C1_ER_IRQHandler
                0x08000510                USBWakeUp_IRQHandler
 .text.Default_Reset_Handler
                0x08000514       0x4c ..\obj\startup_stm32f10x_md.o
                0x08000514                Default_Reset_Handler
                0x08000514                Reset_Handler
 .text.GPIO_Init
                0x08000560      0x328 ..\obj\stm32f10x_gpio.o
                0x08000560                GPIO_Init
 .text.GPIO_ReadOutputDataBit
                0x08000888        0xc ..\obj\stm32f10x_gpio.o
                0x08000888                GPIO_ReadOutputDataBit
 .text.GPIO_WriteBit
                0x08000894        0xc ..\obj\stm32f10x_gpio.o
                0x08000894                GPIO_WriteBit
 .text.GPIO_PinRemapConfig
                0x080008a0       0x70 ..\obj\stm32f10x_gpio.o
                0x080008a0                GPIO_PinRemapConfig
 .text.GPIO_EXTILineConfig
                0x08000910       0x2c ..\obj\stm32f10x_gpio.o
                0x08000910                GPIO_EXTILineConfig
 .text.CardHandlerMain
                0x0800093c       0x3c ..\obj\main.o
                0x0800093c                CardHandlerMain
 .text.GpsTask  0x08000978       0x44 ..\obj\main.o
                0x08000978                GpsTask
 .text.NVIC_SystemReset
                0x080009bc       0x20 ..\obj\main.o
                0x080009bc                NVIC_SystemReset
 .text.prvGetRegistersFromStack
                0x080009dc       0x28 ..\obj\main.o
                0x080009dc                prvGetRegistersFromStack
 .text.HardFault_Handler
                0x08000a04       0x1c ..\obj\main.o
                0x08000a04                HardFault_Handler
 .text.startup.main
                0x08000a20       0x78 ..\obj\main.o
                0x08000a20                main
 .text.prvSwitchTimerLists
                0x08000a98       0x74 ..\obj\timers.o
 .text.prvTimerTask
                0x08000b0c      0x1ec ..\obj\timers.o
 .text.xTimerCreateTimerTask
                0x08000cf8       0x68 ..\obj\timers.o
                0x08000cf8                xTimerCreateTimerTask
 .text.xTimerCreate
                0x08000d60       0x78 ..\obj\timers.o
                0x08000d60                xTimerCreate
 .text.xTimerGenericCommand
                0x08000dd8       0x58 ..\obj\timers.o
                0x08000dd8                xTimerGenericCommand
 .text.RCC_GetClocksFreq
                0x08000e30       0x90 ..\obj\stm32f10x_rcc.o
                0x08000e30                RCC_GetClocksFreq
 .text.RCC_APB2PeriphClockCmd
                0x08000ec0       0x18 ..\obj\stm32f10x_rcc.o
                0x08000ec0                RCC_APB2PeriphClockCmd
 .text.RCC_APB1PeriphClockCmd
                0x08000ed8       0x18 ..\obj\stm32f10x_rcc.o
                0x08000ed8                RCC_APB1PeriphClockCmd
 .text.InitPin  0x08000ef0       0x8c ..\obj\gpio.o
                0x08000ef0                InitPin
 .text.TogglePinState
                0x08000f7c       0x58 ..\obj\gpio.o
                0x08000f7c                TogglePinState
 .text.EXTI_Init
                0x08000fd4       0x80 ..\obj\stm32f10x_exti.o
                0x08000fd4                EXTI_Init
 .text.EXTI_GetITStatus
                0x08001054       0x1c ..\obj\stm32f10x_exti.o
                0x08001054                EXTI_GetITStatus
 .text.EXTI_ClearITPendingBit
                0x08001070        0xc ..\obj\stm32f10x_exti.o
                0x08001070                EXTI_ClearITPendingBit
 .text.prvIdleTask
                0x0800107c        0x4 ..\obj\tasks.o
 .text.xTaskCreate
                0x08001080      0x210 ..\obj\tasks.o
                0x08001080                xTaskCreate
 .text.vTaskStartScheduler
                0x08001290      0x170 ..\obj\tasks.o
                0x08001290                vTaskStartScheduler
 .text.vTaskSuspendAll
                0x08001400       0x14 ..\obj\tasks.o
                0x08001400                vTaskSuspendAll
 .text.xTaskGetTickCount
                0x08001414        0xc ..\obj\tasks.o
                0x08001414                xTaskGetTickCount
 .text.xTaskGetTickCountFromISR
                0x08001420        0xc ..\obj\tasks.o
                0x08001420                xTaskGetTickCountFromISR
 .text.xTaskIncrementTick
                0x0800142c       0xf8 ..\obj\tasks.o
                0x0800142c                xTaskIncrementTick
 .text.xTaskResumeAll
                0x08001524       0xec ..\obj\tasks.o
                0x08001524                xTaskResumeAll
 .text.vTaskDelay
                0x08001610       0x78 ..\obj\tasks.o
                0x08001610                vTaskDelay
 .text.vTaskSwitchContext
                0x08001688       0x48 ..\obj\tasks.o
                0x08001688                vTaskSwitchContext
 .text.vTaskPlaceOnEventList
                0x080016d0       0x58 ..\obj\tasks.o
                0x080016d0                vTaskPlaceOnEventList
 .text.vTaskPlaceOnEventListRestricted
                0x08001728       0x64 ..\obj\tasks.o
                0x08001728                vTaskPlaceOnEventListRestricted
 .text.xTaskRemoveFromEventList
                0x0800178c       0x64 ..\obj\tasks.o
                0x0800178c                xTaskRemoveFromEventList
 .text.vTaskSetTimeOutState
                0x080017f0       0x14 ..\obj\tasks.o
                0x080017f0                vTaskSetTimeOutState
 .text.xTaskCheckForTimeOut
                0x08001804       0x50 ..\obj\tasks.o
                0x08001804                xTaskCheckForTimeOut
 .text.vTaskMissedYield
                0x08001854       0x10 ..\obj\tasks.o
                0x08001854                vTaskMissedYield
 .text.xTaskGetSchedulerState
                0x08001864       0x20 ..\obj\tasks.o
                0x08001864                xTaskGetSchedulerState
 .text.ADC_Cmd  0x08001884       0x14 ..\obj\stm32f10x_adc.o
                0x08001884                ADC_Cmd
 .text.ADC_SoftwareStartConvCmd
                0x08001898       0x14 ..\obj\stm32f10x_adc.o
                0x08001898                ADC_SoftwareStartConvCmd
 .text.ADC_GetConversionValue
                0x080018ac        0x8 ..\obj\stm32f10x_adc.o
                0x080018ac                ADC_GetConversionValue
 .text.ADC_GetITStatus
                0x080018b4       0x18 ..\obj\stm32f10x_adc.o
                0x080018b4                ADC_GetITStatus
 .text.ADC_ClearITPendingBit
                0x080018cc        0x8 ..\obj\stm32f10x_adc.o
                0x080018cc                ADC_ClearITPendingBit
 .text.USART_Init
                0x080018d4       0xb8 ..\obj\stm32f10x_usart.o
                0x080018d4                USART_Init
 .text.USART_Cmd
                0x0800198c       0x1c ..\obj\stm32f10x_usart.o
                0x0800198c                USART_Cmd
 .text.USART_ITConfig
                0x080019a8       0x34 ..\obj\stm32f10x_usart.o
                0x080019a8                USART_ITConfig
 .text.USART_SendData
                0x080019dc        0x8 ..\obj\stm32f10x_usart.o
                0x080019dc                USART_SendData
 .text.USART_ReceiveData
                0x080019e4        0x8 ..\obj\stm32f10x_usart.o
                0x080019e4                USART_ReceiveData
 .text.USART_GetFlagStatus
                0x080019ec        0xc ..\obj\stm32f10x_usart.o
                0x080019ec                USART_GetFlagStatus
 .text.USART_GetITStatus
                0x080019f8       0x44 ..\obj\stm32f10x_usart.o
                0x080019f8                USART_GetITStatus
 .text.USART_ClearITPendingBit
                0x08001a3c       0x10 ..\obj\stm32f10x_usart.o
                0x08001a3c                USART_ClearITPendingBit
 .text.vListInitialise
                0x08001a4c       0x18 ..\obj\list.o
                0x08001a4c                vListInitialise
 .text.vListInitialiseItem
                0x08001a64        0x8 ..\obj\list.o
                0x08001a64                vListInitialiseItem
 .text.vListInsertEnd
                0x08001a6c       0x1c ..\obj\list.o
                0x08001a6c                vListInsertEnd
 .text.vListInsert
                0x08001a88       0x30 ..\obj\list.o
                0x08001a88                vListInsert
 .text.uxListRemove
                0x08001ab8       0x24 ..\obj\list.o
                0x08001ab8                uxListRemove
 .text.ExtiChannelCreate
                0x08001adc       0x38 ..\obj\exti.o
                0x08001adc                ExtiChannelCreate
 .text.ExtiEnable
                0x08001b14      0x274 ..\obj\exti.o
                0x08001b14                ExtiEnable
 .text.EXTI0_IRQHandler
                0x08001d88       0x50 ..\obj\exti.o
                0x08001d88                EXTI0_IRQHandler
 .text.EXTI1_IRQHandler
                0x08001dd8       0x54 ..\obj\exti.o
                0x08001dd8                EXTI1_IRQHandler
 .text.EXTI2_IRQHandler
                0x08001e2c       0x54 ..\obj\exti.o
                0x08001e2c                EXTI2_IRQHandler
 .text.EXTI3_IRQHandler
                0x08001e80       0x54 ..\obj\exti.o
                0x08001e80                EXTI3_IRQHandler
 .text.EXTI4_IRQHandler
                0x08001ed4       0x54 ..\obj\exti.o
                0x08001ed4                EXTI4_IRQHandler
 .text.EXTI9_5_IRQHandler
                0x08001f28       0xbc ..\obj\exti.o
                0x08001f28                EXTI9_5_IRQHandler
 .text.EXTI15_10_IRQHandler
                0x08001fe4       0xe4 ..\obj\exti.o
                0x08001fe4                EXTI15_10_IRQHandler
 .text.ADC1_2_IRQHandler
                0x080020c8       0x84 ..\obj\adc.o
                0x080020c8                ADC1_2_IRQHandler
 .text.xQueueGenericCreate
                0x0800214c       0x74 ..\obj\queue.o
                0x0800214c                xQueueGenericCreate
 .text.xQueueGenericSend
                0x080021c0      0x318 ..\obj\queue.o
                0x080021c0                xQueueGenericSend
 .text.xQueueGenericSendFromISR
                0x080024d8       0xfc ..\obj\queue.o
                0x080024d8                xQueueGenericSendFromISR
 .text.xQueueGiveFromISR
                0x080025d4       0x78 ..\obj\queue.o
                0x080025d4                xQueueGiveFromISR
 .text.xQueueGenericReceive
                0x0800264c      0x2bc ..\obj\queue.o
                0x0800264c                xQueueGenericReceive
 .text.vQueueWaitForMessageRestricted
                0x08002908       0xc8 ..\obj\queue.o
                0x08002908                vQueueWaitForMessageRestricted
 .text.prvTaskExitError
                0x080029d0       0x14 ..\obj\port.o
 .text.prvPortStartFirstTask
                0x080029e4       0x20 ..\obj\port.o
 .text.pxPortInitialiseStack
                0x08002a04       0x24 ..\obj\port.o
                0x08002a04                pxPortInitialiseStack
 *fill*         0x08002a28        0x8 
 .text.SVC_Handler
                0x08002a30       0x28 ..\obj\port.o
                0x08002a30                SVC_Handler
 .text.vPortEnterCritical
                0x08002a58       0x20 ..\obj\port.o
                0x08002a58                vPortEnterCritical
 .text.vPortExitCritical
                0x08002a78       0x14 ..\obj\port.o
                0x08002a78                vPortExitCritical
 *fill*         0x08002a8c        0x4 
 .text.PendSV_Handler
                0x08002a90       0x48 ..\obj\port.o
                0x08002a90                PendSV_Handler
 .text.SysTick_Handler
                0x08002ad8       0x2c ..\obj\port.o
                0x08002ad8                SysTick_Handler
 .text.vPortSetupTimerInterrupt
                0x08002b04       0x14 ..\obj\port.o
                0x08002b04                vPortSetupTimerInterrupt
 .text.xPortStartScheduler
                0x08002b18       0x34 ..\obj\port.o
                0x08002b18                xPortStartScheduler
 .text.prints.constprop.0
                0x08002b4c       0xd0 ..\obj\debug.o
 .text.printi.constprop.0
                0x08002c1c       0xbc ..\obj\debug.o
 .text.print.constprop.0
                0x08002cd8      0x130 ..\obj\debug.o
 .text.DebugRegister
                0x08002e08       0x30 ..\obj\debug.o
                0x08002e08                DebugRegister
 .text.DebugSendKey
                0x08002e38       0x94 ..\obj\debug.o
                0x08002e38                DebugSendKey
 .text.DebugPrintf
                0x08002ecc       0x58 ..\obj\debug.o
                0x08002ecc                DebugPrintf
 .text.pvPortMalloc
                0x08002f24       0x50 ..\obj\heap_1.o
                0x08002f24                pvPortMalloc
 .text.vPortFree
                0x08002f74        0x4 ..\obj\heap_1.o
                0x08002f74                vPortFree
 .text.ConfigUsartGpio
                0x08002f78       0xb8 ..\obj\usart.o
                0x08002f78                ConfigUsartGpio
 .text.InitUsart
                0x08003030      0x12c ..\obj\usart.o
                0x08003030                InitUsart
 .text.UsartSendByte
                0x0800315c       0x44 ..\obj\usart.o
                0x0800315c                UsartSendByte
 .text.UsartSendString
                0x080031a0       0x58 ..\obj\usart.o
                0x080031a0                UsartSendString
 .text.USART1_IRQHandler
                0x080031f8       0x64 ..\obj\usart.o
                0x080031f8                USART1_IRQHandler
 .text.USART2_IRQHandler
                0x0800325c       0x64 ..\obj\usart.o
                0x0800325c                USART2_IRQHandler
 .text          0x080032c0       0xec c:/program files (x86)/gnu arm embedded toolchain/10 2021.07/bin/../lib/gcc/arm-none-eabi/10.3.1/../../../../arm-none-eabi/lib/thumb/v7-m/nofp\libg.a(lib_a-memcpy.o)
                0x080032c0                memcpy
 .text.strcpy   0x080033ac       0xbc c:/program files (x86)/gnu arm embedded toolchain/10 2021.07/bin/../lib/gcc/arm-none-eabi/10.3.1/../../../../arm-none-eabi/lib/thumb/v7-m/nofp\libg.a(lib_a-strcpy.o)
                0x080033ac                strcpy
 .text.strlen   0x08003468       0x5c c:/program files (x86)/gnu arm embedded toolchain/10 2021.07/bin/../lib/gcc/arm-none-eabi/10.3.1/../../../../arm-none-eabi/lib/thumb/v7-m/nofp\libg.a(lib_a-strlen-stub.o)
                0x08003468                strlen
 *(.init)
 *(.fini)
 *crtbegin.o(.ctors)
 *crtbegin?.o(.ctors)
 *(EXCLUDE_FILE(*crtend.o *crtend?.o) .ctors)
 *(SORT_BY_NAME(.ctors.*))
 *(.ctors)
 *crtbegin.o(.dtors)
 *crtbegin?.o(.dtors)
 *(EXCLUDE_FILE(*crtend.o *crtend?.o) .dtors)
 *(SORT_BY_NAME(.dtors.*))
 *(.dtors)
 *(.rodata*)
 .rodata.str1.4
                0x080034c4       0x16 ..\obj\w26.o
 *fill*         0x080034da        0x2 
 .rodata.str1.4
                0x080034dc       0x3f ..\obj\main.o
                                 0x43 (size before relaxing)
 *fill*         0x0800351b        0x1 
 .rodata.str1.4
                0x0800351c        0x8 ..\obj\timers.o
 .rodata        0x08003524       0x3c ..\obj\gpio.o
 .rodata.str1.4
                0x08003560      0x1ff ..\obj\debug.o
 *fill*         0x0800375f        0x1 
 .rodata        0x08003760       0x30 ..\obj\usart.o
 *(.eh_fram e*)

.glue_7         0x08003790        0x0
 .glue_7        0x08003790        0x0 linker stubs

.glue_7t        0x08003790        0x0
 .glue_7t       0x08003790        0x0 linker stubs

.vfp11_veneer   0x08003790        0x0
 .vfp11_veneer  0x08003790        0x0 linker stubs

.v4_bx          0x08003790        0x0
 .v4_bx         0x08003790        0x0 linker stubs

.iplt           0x08003790        0x0
 .iplt          0x08003790        0x0 ..\obj\w26.o

.rel.dyn        0x08003790        0x0
 .rel.iplt      0x08003790        0x0 ..\obj\w26.o

.ARM.extab
 *(.ARM.extab* .gnu.linkonce.armextab.*)
                0x08003790                __exidx_start = .

.ARM.exidx
 *(.ARM.exidx* .gnu.linkonce.armexidx.*)
                0x08003790                __exidx_end = .
                0x08003790                __etext = .
                0x08003790                _sidata = __etext

.data           0x20000000       0x2c load address 0x08003790
                0x20000000                __data_start__ = .
                0x20000000                _sdata = __data_start__
 *(vtable)
 *(.data*)
 .data          0x20000000       0x14 ..\obj\system_stm32f10x.o
                0x20000000                AHBPrescTable
                0x20000010                SystemCoreClock
 .data          0x20000014       0x14 ..\obj\stm32f10x_rcc.o
 .data          0x20000028        0x4 ..\obj\port.o
                0x2000002c                . = ALIGN (0x4)
                [!provide]                PROVIDE (__preinit_array_start = .)
 *(.preinit_array)
                [!provide]                PROVIDE (__preinit_array_end = .)
                0x2000002c                . = ALIGN (0x4)
                [!provide]                PROVIDE (__init_array_start = .)
 *(SORT_BY_NAME(.init_array.*))
 *(.init_array)
                [!provide]                PROVIDE (__init_array_end = .)
                0x2000002c                . = ALIGN (0x4)
                [!provide]                PROVIDE (__fini_array_start = .)
 *(SORT_BY_NAME(.fini_array.*))
 *(.fini_array)
                [!provide]                PROVIDE (__fini_array_end = .)
 *(.jcr*)
                0x2000002c                . = ALIGN (0x4)
                0x2000002c                __data_end__ = .
                0x2000002c                _edata = __data_end__

.igot.plt       0x2000002c        0x0 load address 0x080037bc
 .igot.plt      0x2000002c        0x0 ..\obj\w26.o

.bss            0x2000002c     0x4604 load address 0x080037bc
                0x2000002c                . = ALIGN (0x4)
                0x2000002c                __bss_start__ = .
                0x2000002c                _sbss = __bss_start__
 *(.bss*)
 .bss           0x2000002c       0x70 ..\obj\w26.o
                0x2000002c                reader_man
 .bss           0x2000009c       0x34 ..\obj\main.o
                0x2000009c                sstem
                0x200000a8                pin
                0x200000ac                port
                0x200000b0                r0
                0x200000b4                r1
                0x200000b8                r2
                0x200000bc                r3
                0x200000c0                r12
                0x200000c4                lr
                0x200000c8                pc
                0x200000cc                psr
 .bss           0x200000d0       0x3c ..\obj\timers.o
 .bss           0x2000010c       0x5e ..\obj\gpio.o
                0x2000010c                list_indexer
                0x20000110                pin_list
 *fill*         0x2000016a        0x2 
 .bss           0x2000016c       0xd8 ..\obj\tasks.o
                0x20000170                pxCurrentTCB
 .bss           0x20000244       0x50 ..\obj\exti.o
 .bss           0x20000294       0x90 ..\obj\adc.o
                0x20000294                adc_man
 .bss           0x20000324      0x294 ..\obj\debug.o
                0x20000324                dbg_man
 .bss           0x200005b8     0x4008 ..\obj\heap_1.o
 .bss           0x200045c0       0x70 ..\obj\usart.o
 *(COMMON)
                0x20004630                . = ALIGN (0x4)
                0x20004630                __bss_end__ = .
                0x20004630                _ebss = __bss_end__

.heap           0x20004630        0x0
                0x20004630                __end__ = .
                0x20004630                _end = __end__
                0x20004630                end = __end__
 *(.heap*)
                0x20004630                __HeapLimit = .

.co_stack       0x20004630      0x400 load address 0x08007dc0
                0x20004630                . = ALIGN (0x8)
 *(.co_stack .co_stack.*)
 .co_stack      0x20004630      0x400 ..\obj\startup_stm32f10x_md.o
                0x20004630                pulStack
                0x20005000                __StackTop = (ORIGIN (ram) + LENGTH (ram))
                0x20004c00                __StackLimit = (__StackTop - SIZEOF (.co_stack))
                [!provide]                PROVIDE (__stack = __StackTop)
                0x00000001                ASSERT ((__StackLimit >= __HeapLimit), region ram  overflowed with stack)
LOAD ..\obj\stm32f10x_rtc.o
LOAD ..\obj\w26.o
LOAD ..\obj\stm32f10x_tim.o
LOAD ..\obj\stm32f10x_dbgmcu.o
LOAD ..\obj\system_stm32f10x.o
LOAD ..\obj\led.o
LOAD ..\obj\stm32f10x_pwr.o
LOAD ..\obj\startup_stm32f10x_md.o
LOAD ..\obj\stm32f10x_gpio.o
LOAD ..\obj\main.o
LOAD ..\obj\timers.o
LOAD ..\obj\stm32f10x_crc.o
LOAD ..\obj\stm32f10x_rcc.o
LOAD ..\obj\gpio.o
LOAD ..\obj\stm32f10x_exti.o
LOAD ..\obj\tasks.o
LOAD ..\obj\stm32f10x_adc.o
LOAD ..\obj\stm32f10x_usart.o
LOAD ..\obj\list.o
LOAD ..\obj\exti.o
LOAD ..\obj\adc.o
LOAD ..\obj\queue.o
LOAD ..\obj\port.o
LOAD ..\obj\debug.o
LOAD ..\obj\stm32f10x_dma.o
LOAD ..\obj\croutine.o
LOAD ..\obj\event_groups.o
LOAD ..\obj\heap_1.o
LOAD ..\obj\stm32f10x_bkp.o
LOAD ..\obj\usart.o
LOAD ..\obj\stm32f10x_iwdg.o
START GROUP
LOAD c:/program files (x86)/gnu arm embedded toolchain/10 2021.07/bin/../lib/gcc/arm-none-eabi/10.3.1/thumb/v7-m/nofp\libgcc.a
LOAD c:/program files (x86)/gnu arm embedded toolchain/10 2021.07/bin/../lib/gcc/arm-none-eabi/10.3.1/../../../../arm-none-eabi/lib/thumb/v7-m/nofp\libg.a
LOAD c:/program files (x86)/gnu arm embedded toolchain/10 2021.07/bin/../lib/gcc/arm-none-eabi/10.3.1/../../../../arm-none-eabi/lib/thumb/v7-m/nofp\libc.a
END GROUP
OUTPUT(display.elf elf32-littlearm)
LOAD linker stubs

.debug_info     0x00000000     0xfa9c
 .debug_info    0x00000000      0xb4f ..\obj\w26.o
 .debug_info    0x00000b4f      0x4ea ..\obj\system_stm32f10x.o
 .debug_info    0x00001039      0x133 ..\obj\startup_stm32f10x_md.o
 .debug_info    0x0000116c      0x924 ..\obj\stm32f10x_gpio.o
 .debug_info    0x00001a90      0xc47 ..\obj\main.o
 .debug_info    0x000026d7     0x138e ..\obj\timers.o
 .debug_info    0x00003a65      0xa0c ..\obj\stm32f10x_rcc.o
 .debug_info    0x00004471      0x9fc ..\obj\gpio.o
 .debug_info    0x00004e6d      0x370 ..\obj\stm32f10x_exti.o
 .debug_info    0x000051dd     0x1e07 ..\obj\tasks.o
 .debug_info    0x00006fe4      0xd5c ..\obj\stm32f10x_adc.o
 .debug_info    0x00007d40      0xc0e ..\obj\stm32f10x_usart.o
 .debug_info    0x0000894e      0x2cf ..\obj\list.o
 .debug_info    0x00008c1d     0x1279 ..\obj\exti.o
 .debug_info    0x00009e96     0x11b5 ..\obj\adc.o
 .debug_info    0x0000b04b     0x1a34 ..\obj\queue.o
 .debug_info    0x0000ca7f      0x32f ..\obj\port.o
 .debug_info    0x0000cdae     0x161f ..\obj\debug.o
 .debug_info    0x0000e3cd      0x1c9 ..\obj\heap_1.o
 .debug_info    0x0000e596     0x1506 ..\obj\usart.o

.debug_abbrev   0x00000000     0x334a
 .debug_abbrev  0x00000000      0x2dd ..\obj\w26.o
 .debug_abbrev  0x000002dd      0x1a8 ..\obj\system_stm32f10x.o
 .debug_abbrev  0x00000485       0xee ..\obj\startup_stm32f10x_md.o
 .debug_abbrev  0x00000573      0x233 ..\obj\stm32f10x_gpio.o
 .debug_abbrev  0x000007a6      0x2eb ..\obj\main.o
 .debug_abbrev  0x00000a91      0x2de ..\obj\timers.o
 .debug_abbrev  0x00000d6f      0x27f ..\obj\stm32f10x_rcc.o
 .debug_abbrev  0x00000fee      0x2a6 ..\obj\gpio.o
 .debug_abbrev  0x00001294      0x1d2 ..\obj\stm32f10x_exti.o
 .debug_abbrev  0x00001466      0x436 ..\obj\tasks.o
 .debug_abbrev  0x0000189c      0x20d ..\obj\stm32f10x_adc.o
 .debug_abbrev  0x00001aa9      0x1fa ..\obj\stm32f10x_usart.o
 .debug_abbrev  0x00001ca3      0x110 ..\obj\list.o
 .debug_abbrev  0x00001db3      0x357 ..\obj\exti.o
 .debug_abbrev  0x0000210a      0x383 ..\obj\adc.o
 .debug_abbrev  0x0000248d      0x2e0 ..\obj\queue.o
 .debug_abbrev  0x0000276d      0x223 ..\obj\port.o
 .debug_abbrev  0x00002990      0x460 ..\obj\debug.o
 .debug_abbrev  0x00002df0      0x133 ..\obj\heap_1.o
 .debug_abbrev  0x00002f23      0x427 ..\obj\usart.o

.debug_loc      0x00000000     0xb735
 .debug_loc     0x00000000      0x866 ..\obj\w26.o
 .debug_loc     0x00000866       0xd6 ..\obj\system_stm32f10x.o
 .debug_loc     0x0000093c     0x1542 ..\obj\stm32f10x_gpio.o
 .debug_loc     0x00001e7e      0x754 ..\obj\main.o
 .debug_loc     0x000025d2      0xf06 ..\obj\timers.o
 .debug_loc     0x000034d8      0x6fb ..\obj\stm32f10x_rcc.o
 .debug_loc     0x00003bd3      0x68b ..\obj\gpio.o
 .debug_loc     0x0000425e      0x1cf ..\obj\stm32f10x_exti.o
 .debug_loc     0x0000442d     0x17b4 ..\obj\tasks.o
 .debug_loc     0x00005be1      0xa74 ..\obj\stm32f10x_adc.o
 .debug_loc     0x00006655      0x88d ..\obj\stm32f10x_usart.o
 .debug_loc     0x00006ee2       0xa4 ..\obj\list.o
 .debug_loc     0x00006f86      0x94e ..\obj\exti.o
 .debug_loc     0x000078d4      0x47f ..\obj\adc.o
 .debug_loc     0x00007d53     0x175a ..\obj\queue.o
 .debug_loc     0x000094ad       0xaf ..\obj\port.o
 .debug_loc     0x0000955c     0x14ca ..\obj\debug.o
 .debug_loc     0x0000aa26       0xc0 ..\obj\heap_1.o
 .debug_loc     0x0000aae6      0xc4f ..\obj\usart.o

.debug_aranges  0x00000000      0xab0
 .debug_aranges
                0x00000000       0x78 ..\obj\w26.o
 .debug_aranges
                0x00000078       0x28 ..\obj\system_stm32f10x.o
 .debug_aranges
                0x000000a0       0x28 ..\obj\startup_stm32f10x_md.o
 .debug_aranges
                0x000000c8       0xa8 ..\obj\stm32f10x_gpio.o
 .debug_aranges
                0x00000170       0x70 ..\obj\main.o
 .debug_aranges
                0x000001e0       0x78 ..\obj\timers.o
 .debug_aranges
                0x00000258      0x118 ..\obj\stm32f10x_rcc.o
 .debug_aranges
                0x00000370       0x58 ..\obj\gpio.o
 .debug_aranges
                0x000003c8       0x50 ..\obj\stm32f10x_exti.o
 .debug_aranges
                0x00000418      0x100 ..\obj\tasks.o
 .debug_aranges
                0x00000518      0x138 ..\obj\stm32f10x_adc.o
 .debug_aranges
                0x00000650      0x100 ..\obj\stm32f10x_usart.o
 .debug_aranges
                0x00000750       0x40 ..\obj\list.o
 .debug_aranges
                0x00000790       0x78 ..\obj\exti.o
 .debug_aranges
                0x00000808       0x50 ..\obj\adc.o
 .debug_aranges
                0x00000858       0x90 ..\obj\queue.o
 .debug_aranges
                0x000008e8       0x70 ..\obj\port.o
 .debug_aranges
                0x00000958       0x98 ..\obj\debug.o
 .debug_aranges
                0x000009f0       0x38 ..\obj\heap_1.o
 .debug_aranges
                0x00000a28       0x88 ..\obj\usart.o

.debug_ranges   0x00000000     0x1778
 .debug_ranges  0x00000000      0x158 ..\obj\w26.o
 .debug_ranges  0x00000158       0x60 ..\obj\system_stm32f10x.o
 .debug_ranges  0x000001b8       0x18 ..\obj\startup_stm32f10x_md.o
 .debug_ranges  0x000001d0       0x98 ..\obj\stm32f10x_gpio.o
 .debug_ranges  0x00000268       0x78 ..\obj\main.o
 .debug_ranges  0x000002e0      0x240 ..\obj\timers.o
 .debug_ranges  0x00000520      0x128 ..\obj\stm32f10x_rcc.o
 .debug_ranges  0x00000648      0x128 ..\obj\gpio.o
 .debug_ranges  0x00000770       0x40 ..\obj\stm32f10x_exti.o
 .debug_ranges  0x000007b0      0x398 ..\obj\tasks.o
 .debug_ranges  0x00000b48      0x128 ..\obj\stm32f10x_adc.o
 .debug_ranges  0x00000c70       0xf0 ..\obj\stm32f10x_usart.o
 .debug_ranges  0x00000d60       0x30 ..\obj\list.o
 .debug_ranges  0x00000d90      0x1b8 ..\obj\exti.o
 .debug_ranges  0x00000f48       0xc8 ..\obj\adc.o
 .debug_ranges  0x00001010      0x368 ..\obj\queue.o
 .debug_ranges  0x00001378       0x78 ..\obj\port.o
 .debug_ranges  0x000013f0      0x148 ..\obj\debug.o
 .debug_ranges  0x00001538       0x28 ..\obj\heap_1.o
 .debug_ranges  0x00001560      0x218 ..\obj\usart.o

.debug_line     0x00000000     0xb31a
 .debug_line    0x00000000      0x8a9 ..\obj\w26.o
 .debug_line    0x000008a9      0x376 ..\obj\system_stm32f10x.o
 .debug_line    0x00000c1f       0xc9 ..\obj\startup_stm32f10x_md.o
 .debug_line    0x00000ce8      0xf4f ..\obj\stm32f10x_gpio.o
 .debug_line    0x00001c37      0x881 ..\obj\main.o
 .debug_line    0x000024b8      0x9eb ..\obj\timers.o
 .debug_line    0x00002ea3      0x946 ..\obj\stm32f10x_rcc.o
 .debug_line    0x000037e9      0x4a9 ..\obj\gpio.o
 .debug_line    0x00003c92      0x341 ..\obj\stm32f10x_exti.o
 .debug_line    0x00003fd3     0x1844 ..\obj\tasks.o
 .debug_line    0x00005817      0xa78 ..\obj\stm32f10x_adc.o
 .debug_line    0x0000628f      0x8ba ..\obj\stm32f10x_usart.o
 .debug_line    0x00006b49      0x356 ..\obj\list.o
 .debug_line    0x00006e9f      0xb01 ..\obj\exti.o
 .debug_line    0x000079a0      0x694 ..\obj\adc.o
 .debug_line    0x00008034     0x14a2 ..\obj\queue.o
 .debug_line    0x000094d6      0x3b8 ..\obj\port.o
 .debug_line    0x0000988e      0xe87 ..\obj\debug.o
 .debug_line    0x0000a715      0x2b5 ..\obj\heap_1.o
 .debug_line    0x0000a9ca      0x950 ..\obj\usart.o

.debug_str      0x00000000     0x3ba7
 .debug_str     0x00000000      0x582 ..\obj\w26.o
                                0x5f2 (size before relaxing)
 .debug_str     0x00000582      0x16b ..\obj\system_stm32f10x.o
                                0x2dd (size before relaxing)
 .debug_str     0x000006ed       0xb5 ..\obj\startup_stm32f10x_md.o
                                0x181 (size before relaxing)
 .debug_str     0x000007a2      0x3bb ..\obj\stm32f10x_gpio.o
                                0x51e (size before relaxing)
 .debug_str     0x00000b5d      0x35c ..\obj\main.o
                                0x6b9 (size before relaxing)
 .debug_str     0x00000eb9      0x5bc ..\obj\timers.o
                                0x806 (size before relaxing)
 .debug_str     0x00001475      0x37b ..\obj\stm32f10x_rcc.o
                                0x608 (size before relaxing)
 .debug_str     0x000017f0      0x11a ..\obj\gpio.o
                                0x529 (size before relaxing)
 .debug_str     0x0000190a      0x1c1 ..\obj\stm32f10x_exti.o
                                0x337 (size before relaxing)
 .debug_str     0x00001acb      0x829 ..\obj\tasks.o
                                0xbc3 (size before relaxing)
 .debug_str     0x000022f4      0x51b ..\obj\stm32f10x_adc.o
                                0x700 (size before relaxing)
 .debug_str     0x0000280f      0x453 ..\obj\stm32f10x_usart.o
                                0x6be (size before relaxing)
 .debug_str     0x00002c62       0x6c ..\obj\list.o
                                0x2a7 (size before relaxing)
 .debug_str     0x00002cce      0x47c ..\obj\exti.o
                                0xa81 (size before relaxing)
 .debug_str     0x0000314a      0x275 ..\obj\adc.o
                                0xb17 (size before relaxing)
 .debug_str     0x000033bf      0x2d7 ..\obj\queue.o
                                0x790 (size before relaxing)
 .debug_str     0x00003696       0xbd ..\obj\port.o
                                0x30a (size before relaxing)
 .debug_str     0x00003753      0x247 ..\obj\debug.o
                                0x526 (size before relaxing)
 .debug_str     0x0000399a       0x92 ..\obj\heap_1.o
                                0x22e (size before relaxing)
 .debug_str     0x00003a2c      0x17b ..\obj\usart.o
                                0xa42 (size before relaxing)

.comment        0x00000000       0x49
 .comment       0x00000000       0x49 ..\obj\w26.o
                                 0x4a (size before relaxing)
 .comment       0x00000049       0x4a ..\obj\system_stm32f10x.o
 .comment       0x00000049       0x4a ..\obj\startup_stm32f10x_md.o
 .comment       0x00000049       0x4a ..\obj\stm32f10x_gpio.o
 .comment       0x00000049       0x4a ..\obj\main.o
 .comment       0x00000049       0x4a ..\obj\timers.o
 .comment       0x00000049       0x4a ..\obj\stm32f10x_rcc.o
 .comment       0x00000049       0x4a ..\obj\gpio.o
 .comment       0x00000049       0x4a ..\obj\stm32f10x_exti.o
 .comment       0x00000049       0x4a ..\obj\tasks.o
 .comment       0x00000049       0x4a ..\obj\stm32f10x_adc.o
 .comment       0x00000049       0x4a ..\obj\stm32f10x_usart.o
 .comment       0x00000049       0x4a ..\obj\list.o
 .comment       0x00000049       0x4a ..\obj\exti.o
 .comment       0x00000049       0x4a ..\obj\adc.o
 .comment       0x00000049       0x4a ..\obj\queue.o
 .comment       0x00000049       0x4a ..\obj\port.o
 .comment       0x00000049       0x4a ..\obj\debug.o
 .comment       0x00000049       0x4a ..\obj\heap_1.o
 .comment       0x00000049       0x4a ..\obj\usart.o

.ARM.attributes
                0x00000000       0x2b
 .ARM.attributes
                0x00000000       0x2d ..\obj\w26.o
 .ARM.attributes
                0x0000002d       0x2d ..\obj\system_stm32f10x.o
 .ARM.attributes
                0x0000005a       0x2d ..\obj\startup_stm32f10x_md.o
 .ARM.attributes
                0x00000087       0x2d ..\obj\stm32f10x_gpio.o
 .ARM.attributes
                0x000000b4       0x2d ..\obj\main.o
 .ARM.attributes
                0x000000e1       0x2d ..\obj\timers.o
 .ARM.attributes
                0x0000010e       0x2d ..\obj\stm32f10x_rcc.o
 .ARM.attributes
                0x0000013b       0x2d ..\obj\gpio.o
 .ARM.attributes
                0x00000168       0x2d ..\obj\stm32f10x_exti.o
 .ARM.attributes
                0x00000195       0x2d ..\obj\tasks.o
 .ARM.attributes
                0x000001c2       0x2d ..\obj\stm32f10x_adc.o
 .ARM.attributes
                0x000001ef       0x2d ..\obj\stm32f10x_usart.o
 .ARM.attributes
                0x0000021c       0x2d ..\obj\list.o
 .ARM.attributes
                0x00000249       0x2d ..\obj\exti.o
 .ARM.attributes
                0x00000276       0x2d ..\obj\adc.o
 .ARM.attributes
                0x000002a3       0x2d ..\obj\queue.o
 .ARM.attributes
                0x000002d0       0x2d ..\obj\port.o
 .ARM.attributes
                0x000002fd       0x2d ..\obj\debug.o
 .ARM.attributes
                0x0000032a       0x2d ..\obj\heap_1.o
 .ARM.attributes
                0x00000357       0x2d ..\obj\usart.o
 .ARM.attributes
                0x00000384       0x1b c:/program files (x86)/gnu arm embedded toolchain/10 2021.07/bin/../lib/gcc/arm-none-eabi/10.3.1/../../../../arm-none-eabi/lib/thumb/v7-m/nofp\libg.a(lib_a-memcpy.o)
 .ARM.attributes
                0x0000039f       0x2d c:/program files (x86)/gnu arm embedded toolchain/10 2021.07/bin/../lib/gcc/arm-none-eabi/10.3.1/../../../../arm-none-eabi/lib/thumb/v7-m/nofp\libg.a(lib_a-strcpy.o)
 .ARM.attributes
                0x000003cc       0x2d c:/program files (x86)/gnu arm embedded toolchain/10 2021.07/bin/../lib/gcc/arm-none-eabi/10.3.1/../../../../arm-none-eabi/lib/thumb/v7-m/nofp\libg.a(lib_a-strlen-stub.o)

.debug_frame    0x00000000     0x1c08
 .debug_frame   0x00000000      0x14c ..\obj\w26.o
 .debug_frame   0x0000014c       0x44 ..\obj\system_stm32f10x.o
 .debug_frame   0x00000190       0x3c ..\obj\startup_stm32f10x_md.o
 .debug_frame   0x000001cc      0x18c ..\obj\stm32f10x_gpio.o
 .debug_frame   0x00000358      0x110 ..\obj\main.o
 .debug_frame   0x00000468      0x180 ..\obj\timers.o
 .debug_frame   0x000005e8      0x224 ..\obj\stm32f10x_rcc.o
 .debug_frame   0x0000080c       0xc8 ..\obj\gpio.o
 .debug_frame   0x000008d4       0xa4 ..\obj\stm32f10x_exti.o
 .debug_frame   0x00000978      0x354 ..\obj\tasks.o
 .debug_frame   0x00000ccc      0x2a0 ..\obj\stm32f10x_adc.o
 .debug_frame   0x00000f6c      0x224 ..\obj\stm32f10x_usart.o
 .debug_frame   0x00001190       0x88 ..\obj\list.o
 .debug_frame   0x00001218      0x18c ..\obj\exti.o
 .debug_frame   0x000013a4       0xe4 ..\obj\adc.o
 .debug_frame   0x00001488      0x1dc ..\obj\queue.o
 .debug_frame   0x00001664       0xdc ..\obj\port.o
 .debug_frame   0x00001740      0x2c4 ..\obj\debug.o
 .debug_frame   0x00001a04       0x5c ..\obj\heap_1.o
 .debug_frame   0x00001a60      0x168 ..\obj\usart.o
 .debug_frame   0x00001bc8       0x20 c:/program files (x86)/gnu arm embedded toolchain/10 2021.07/bin/../lib/gcc/arm-none-eabi/10.3.1/../../../../arm-none-eabi/lib/thumb/v7-m/nofp\libg.a(lib_a-strcpy.o)
 .debug_frame   0x00001be8       0x20 c:/program files (x86)/gnu arm embedded toolchain/10 2021.07/bin/../lib/gcc/arm-none-eabi/10.3.1/../../../../arm-none-eabi/lib/thumb/v7-m/nofp\libg.a(lib_a-strlen-stub.o)
